Archive member included because of file (symbol)

c:/program files (x86)/atmel/atmel studio 6.0/extensions/atmel/avrgcc/3.4.0.65/avrtoolchain/bin/../lib/gcc/avr/4.6.2/../../../../avr/lib/avr5\libm.a(addsf3.o)
                              IRremote.o (__addsf3)
c:/program files (x86)/atmel/atmel studio 6.0/extensions/atmel/avrgcc/3.4.0.65/avrtoolchain/bin/../lib/gcc/avr/4.6.2/../../../../avr/lib/avr5\libm.a(addsf3x.o)
                              c:/program files (x86)/atmel/atmel studio 6.0/extensions/atmel/avrgcc/3.4.0.65/avrtoolchain/bin/../lib/gcc/avr/4.6.2/../../../../avr/lib/avr5\libm.a(addsf3.o) (__addsf3x)
c:/program files (x86)/atmel/atmel studio 6.0/extensions/atmel/avrgcc/3.4.0.65/avrtoolchain/bin/../lib/gcc/avr/4.6.2/../../../../avr/lib/avr5\libm.a(cmpsf2.o)
                              IRremote.o (__ltsf2)
c:/program files (x86)/atmel/atmel studio 6.0/extensions/atmel/avrgcc/3.4.0.65/avrtoolchain/bin/../lib/gcc/avr/4.6.2/../../../../avr/lib/avr5\libm.a(divsf3.o)
                              IRremote.o (__divsf3)
c:/program files (x86)/atmel/atmel studio 6.0/extensions/atmel/avrgcc/3.4.0.65/avrtoolchain/bin/../lib/gcc/avr/4.6.2/../../../../avr/lib/avr5\libm.a(divsf3x.o)
                              c:/program files (x86)/atmel/atmel studio 6.0/extensions/atmel/avrgcc/3.4.0.65/avrtoolchain/bin/../lib/gcc/avr/4.6.2/../../../../avr/lib/avr5\libm.a(divsf3.o) (__divsf3x)
c:/program files (x86)/atmel/atmel studio 6.0/extensions/atmel/avrgcc/3.4.0.65/avrtoolchain/bin/../lib/gcc/avr/4.6.2/../../../../avr/lib/avr5\libm.a(fixsfsi.o)
                              IRremote.o (__fixsfsi)
c:/program files (x86)/atmel/atmel studio 6.0/extensions/atmel/avrgcc/3.4.0.65/avrtoolchain/bin/../lib/gcc/avr/4.6.2/../../../../avr/lib/avr5\libm.a(fixunssfsi.o)
                              c:/program files (x86)/atmel/atmel studio 6.0/extensions/atmel/avrgcc/3.4.0.65/avrtoolchain/bin/../lib/gcc/avr/4.6.2/../../../../avr/lib/avr5\libm.a(fixsfsi.o) (__fixunssfsi)
c:/program files (x86)/atmel/atmel studio 6.0/extensions/atmel/avrgcc/3.4.0.65/avrtoolchain/bin/../lib/gcc/avr/4.6.2/../../../../avr/lib/avr5\libm.a(floatsisf.o)
                              IRremote.o (__floatunsisf)
c:/program files (x86)/atmel/atmel studio 6.0/extensions/atmel/avrgcc/3.4.0.65/avrtoolchain/bin/../lib/gcc/avr/4.6.2/../../../../avr/lib/avr5\libm.a(fp_cmp.o)
                              c:/program files (x86)/atmel/atmel studio 6.0/extensions/atmel/avrgcc/3.4.0.65/avrtoolchain/bin/../lib/gcc/avr/4.6.2/../../../../avr/lib/avr5\libm.a(cmpsf2.o) (__fp_cmp)
c:/program files (x86)/atmel/atmel studio 6.0/extensions/atmel/avrgcc/3.4.0.65/avrtoolchain/bin/../lib/gcc/avr/4.6.2/../../../../avr/lib/avr5\libm.a(fp_inf.o)
                              c:/program files (x86)/atmel/atmel studio 6.0/extensions/atmel/avrgcc/3.4.0.65/avrtoolchain/bin/../lib/gcc/avr/4.6.2/../../../../avr/lib/avr5\libm.a(addsf3x.o) (__fp_inf)
c:/program files (x86)/atmel/atmel studio 6.0/extensions/atmel/avrgcc/3.4.0.65/avrtoolchain/bin/../lib/gcc/avr/4.6.2/../../../../avr/lib/avr5\libm.a(fp_nan.o)
                              c:/program files (x86)/atmel/atmel studio 6.0/extensions/atmel/avrgcc/3.4.0.65/avrtoolchain/bin/../lib/gcc/avr/4.6.2/../../../../avr/lib/avr5\libm.a(addsf3x.o) (__fp_nan)
c:/program files (x86)/atmel/atmel studio 6.0/extensions/atmel/avrgcc/3.4.0.65/avrtoolchain/bin/../lib/gcc/avr/4.6.2/../../../../avr/lib/avr5\libm.a(fp_pscA.o)
                              c:/program files (x86)/atmel/atmel studio 6.0/extensions/atmel/avrgcc/3.4.0.65/avrtoolchain/bin/../lib/gcc/avr/4.6.2/../../../../avr/lib/avr5\libm.a(addsf3x.o) (__fp_pscA)
c:/program files (x86)/atmel/atmel studio 6.0/extensions/atmel/avrgcc/3.4.0.65/avrtoolchain/bin/../lib/gcc/avr/4.6.2/../../../../avr/lib/avr5\libm.a(fp_pscB.o)
                              c:/program files (x86)/atmel/atmel studio 6.0/extensions/atmel/avrgcc/3.4.0.65/avrtoolchain/bin/../lib/gcc/avr/4.6.2/../../../../avr/lib/avr5\libm.a(addsf3x.o) (__fp_pscB)
c:/program files (x86)/atmel/atmel studio 6.0/extensions/atmel/avrgcc/3.4.0.65/avrtoolchain/bin/../lib/gcc/avr/4.6.2/../../../../avr/lib/avr5\libm.a(fp_round.o)
                              c:/program files (x86)/atmel/atmel studio 6.0/extensions/atmel/avrgcc/3.4.0.65/avrtoolchain/bin/../lib/gcc/avr/4.6.2/../../../../avr/lib/avr5\libm.a(addsf3.o) (__fp_round)
c:/program files (x86)/atmel/atmel studio 6.0/extensions/atmel/avrgcc/3.4.0.65/avrtoolchain/bin/../lib/gcc/avr/4.6.2/../../../../avr/lib/avr5\libm.a(fp_split3.o)
                              c:/program files (x86)/atmel/atmel studio 6.0/extensions/atmel/avrgcc/3.4.0.65/avrtoolchain/bin/../lib/gcc/avr/4.6.2/../../../../avr/lib/avr5\libm.a(addsf3x.o) (__fp_split3)
c:/program files (x86)/atmel/atmel studio 6.0/extensions/atmel/avrgcc/3.4.0.65/avrtoolchain/bin/../lib/gcc/avr/4.6.2/../../../../avr/lib/avr5\libm.a(fp_zero.o)
[...]
Memory Configuration

Name             Origin             Length             Attributes
text             0x00000000         0x00020000         xr
data             0x00800060         0x0000ffa0         rw !x
eeprom           0x00810000         0x00010000         rw !x
fuse             0x00820000         0x00000400         rw !x
lock             0x00830000         0x00000400         rw !x
signature        0x00840000         0x00000400         rw !x
*default*        0x00000000         0xffffffff

Linker script and memory map

Address of section .data set to 0x800100
LOAD c:/program files (x86)/atmel/atmel studio 6.0/extensions/atmel/avrgcc/3.4.0.65/avrtoolchain/bin/../lib/gcc/avr/4.6.2/../../../../avr/lib/avr5/crtm328p.o
LOAD IRremote.o
LOAD IRSystem.o
LOAD LEDTimer.o
LOAD MemoryFree.o
LOAD SoftwareSerial.o
LOAD StringW.o
LOAD TimerOne.o
LOAD WiFlyRNXV.o
LOAD WiRed.o
START GROUP
LOAD c:/program files (x86)/atmel/atmel studio 6.0/extensions/atmel/avrgcc/3.4.0.65/avrtoolchain/bin/../lib/gcc/avr/4.6.2/../../../../avr/lib/avr5\libm.a
LOAD ../../ArduinoCore\libcore.a
END GROUP
LOAD c:/program files (x86)/atmel/atmel studio 6.0/extensions/atmel/avrgcc/3.4.0.65/avrtoolchain/bin/../lib/gcc/avr/4.6.2/avr5\libgcc.a
LOAD c:/program files (x86)/atmel/atmel studio 6.0/extensions/atmel/avrgcc/3.4.0.65/avrtoolchain/bin/../lib/gcc/avr/4.6.2/../../../../avr/lib/avr5\libm.a
LOAD c:/program files (x86)/atmel/atmel studio 6.0/extensions/atmel/avrgcc/3.4.0.65/avrtoolchain/bin/../lib/gcc/avr/4.6.2/avr5\libgcc.a
LOAD c:/program files (x86)/atmel/atmel studio 6.0/extensions/atmel/avrgcc/3.4.0.65/avrtoolchain/bin/../lib/gcc/avr/4.6.2/../../../../avr/lib/avr5\libc.a
LOAD c:/program files (x86)/atmel/atmel studio 6.0/extensions/atmel/avrgcc/3.4.0.65/avrtoolchain/bin/../lib/gcc/avr/4.6.2/avr5\libgcc.a

.hash
 *(.hash)

.dynsym
 *(.dynsym)

.dynstr
 *(.dynstr)

.gnu.version
 *(.gnu.version)

.gnu.version_d
 *(.gnu.version_d)

.gnu.version_r
 *(.gnu.version_r)

.rel.init
 *(.rel.init)

.rela.init
 *(.rela.init)

.rel.text
 *(.rel.text)
 *(.rel.text.*)
 *(.rel.gnu.linkonce.t*)

.rela.text
 *(.rela.text)
 *(.rela.text.*)
 *(.rela.gnu.linkonce.t*)

.rel.fini
 *(.rel.fini)

.rela.fini
 *(.rela.fini)

.rel.rodata
 *(.rel.rodata)
 *(.rel.rodata.*)
 *(.rel.gnu.linkonce.r*)

.rela.rodata
 *(.rela.rodata)
 *(.rela.rodata.*)
 *(.rela.gnu.linkonce.r*)

.rel.data
 *(.rel.data)
 *(.rel.data.*)
 *(.rel.gnu.linkonce.d*)

.rela.data
 *(.rela.data)
 *(.rela.data.*)
 *(.rela.gnu.linkonce.d*)

.rel.ctors
 *(.rel.ctors)

.rela.ctors
 *(.rela.ctors)

.rel.dtors
 *(.rel.dtors)

.rela.dtors
 *(.rela.dtors)

.rel.got
 *(.rel.got)

.rela.got
 *(.rela.got)

.rel.bss
 *(.rel.bss)

.rela.bss
 *(.rela.bss)

.rel.plt
 *(.rel.plt)

.rela.plt
 *(.rela.plt)

.text           0x00000000     0x5f60
 *(.vectors)
 .vectors       0x00000000       0x68 c:/program files (x86)/atmel/atmel studio 6.0/extensions/atmel/avrgcc/3.4.0.65/avrtoolchain/bin/../lib/gcc/avr/4.6.2/../../../../avr/lib/avr5/crtm328p.o
                0x00000000                __vector_default
                0x00000000                __vectors
 *(.vectors)
 *(.progmem.gcc*)
 *(.progmem*)
 .progmem.data  0x00000068       0x90 SoftwareSerial.o
 .progmem.data  0x000000f8       0x5a ../../ArduinoCore\libcore.a(wiring_digital.c.o)
                0x000000f8                port_to_mode_PGM
                0x00000102                port_to_output_PGM
                0x0000010c                port_to_input_PGM
                0x00000116                digital_pin_to_port_PGM
                0x0000012a                digital_pin_to_bit_mask_PGM
                0x0000013e                digital_pin_to_timer_PGM
                0x00000152                . = ALIGN (0x2)
                0x00000152                __trampolines_start = .
 *(.trampolines)
 .trampolines   0x00000152        0x0 linker stubs
 *(.trampolines*)
                0x00000152                __trampolines_end = .
 *(.jumptables)
 *(.jumptables*)
 *(.lowtext)
 *(.lowtext*)
                0x00000152                __ctors_start = .
 *(.ctors)
 .ctors         0x00000152        0x2 WiRed.o
 .ctors         0x00000154        0x2 ../../ArduinoCore\libcore.a(HardwareSerial.cpp.o)
                0x00000156                __ctors_end = .
                0x00000156                __dtors_start = .
 *(.dtors)
 .dtors         0x00000156        0x2 WiRed.o
                0x00000158                __dtors_end = .
 SORT(*)(.ctors)
 SORT(*)(.dtors)
 *(.init0)
 .init0         0x00000158        0x0 c:/program files (x86)/atmel/atmel studio 6.0/extensions/atmel/avrgcc/3.4.0.65/avrtoolchain/bin/../lib/gcc/avr/4.6.2/../../../../avr/lib/avr5/crtm328p.o
                0x00000158                __init
 *(.init0)
 *(.init1)
 *(.init1)
 *(.init2)
 .init2         0x00000158        0xc c:/program files (x86)/atmel/atmel studio 6.0/extensions/atmel/avrgcc/3.4.0.65/avrtoolchain/bin/../lib/gcc/avr/4.6.2/../../../../avr/lib/avr5/crtm328p.o
 *(.init2)
 *(.init3)
 *(.init3)
 *(.init4)
 .init4         0x00000164       0x16 c:/program files (x86)/atmel/atmel studio 6.0/extensions/atmel/avrgcc/3.4.0.65/avrtoolchain/bin/../lib/gcc/avr/4.6.2/avr5\libgcc.a(_copy_data.o)
                0x00000164                __do_copy_data
 .init4         0x0000017a       0x10 c:/program files (x86)/atmel/atmel studio 6.0/extensions/atmel/avrgcc/3.4.0.65/avrtoolchain/bin/../lib/gcc/avr/4.6.2/avr5\libgcc.a(_clear_bss.o)
                0x0000017a                __do_clear_bss
 *(.init4)
 *(.init5)
 *(.init5)
 *(.init6)
 .init6         0x0000018a       0x16 c:/program files (x86)/atmel/atmel studio 6.0/extensions/atmel/avrgcc/3.4.0.65/avrtoolchain/bin/../lib/gcc/avr/4.6.2/avr5\libgcc.a(_ctors.o)
                0x0000018a                __do_global_ctors
 *(.init6)
 *(.init7)
 *(.init7)
 *(.init8)
 *(.init8)
 *(.init9)
 .init9         0x000001a0        0x8 c:/program files (x86)/atmel/atmel studio 6.0/extensions/atmel/avrgcc/3.4.0.65/avrtoolchain/bin/../lib/gcc/avr/4.6.2/../../../../avr/lib/avr5/crtm328p.o
 *(.init9)
 *(.text)
 .text          0x000001a8        0x4 c:/program files (x86)/atmel/atmel studio 6.0/extensions/atmel/avrgcc/3.4.0.65/avrtoolchain/bin/../lib/gcc/avr/4.6.2/../../../../avr/lib/avr5/crtm328p.o
                0x000001a8                __vector_22
                0x000001a8                __vector_24
                0x000001a8                __vector_12
                0x000001a8                __bad_interrupt
                0x000001a8                __vector_6
                0x000001a8                __vector_23
                0x000001a8                __vector_25
                0x000001a8                __vector_11
                0x000001a8                __vector_17
                0x000001a8                __vector_9
                0x000001a8                __vector_21
                0x000001a8                __vector_15
                0x000001a8                __vector_8
                0x000001a8                __vector_14
                0x000001a8                __vector_10
                0x000001a8                __vector_20
 .text          0x000001ac       0xf4 c:/program files (x86)/atmel/atmel studio 6.0/extensions/atmel/avrgcc/3.4.0.65/avrtoolchain/bin/../lib/gcc/avr/4.6.2/avr5\libgcc.a(_lshrdi3.o)
                0x000001ac                __lshrdi3
 .text          0x000002a0       0xf4 c:/program files (x86)/atmel/atmel studio 6.0/extensions/atmel/avrgcc/3.4.0.65/avrtoolchain/bin/../lib/gcc/avr/4.6.2/avr5\libgcc.a(_ashldi3.o)
                0x000002a0                __ashldi3
                0x00000394                . = ALIGN (0x2)
 *(.text.*)
 .text._Z5MATCHii
                0x00000394       0x8e IRremote.o
                0x00000394                MATCH(int, int)
 .text._Z10MATCH_MARKii
                0x00000422        0xa IRremote.o
                0x00000422                MATCH_MARK(int, int)
 .text._Z11MATCH_SPACEii
                0x0000042c        0xa IRremote.o
                0x0000042c                MATCH_SPACE(int, int)
 .text._ZN6IRsend4markEi
                0x00000436       0x12 IRremote.o
                0x00000436                IRsend::mark(int)
 .text._ZN6IRsend5spaceEi
                0x00000448       0x12 IRremote.o
                0x00000448                IRsend::space(int)
 .text._ZN6IRsend11enableIROutEi
                0x0000045a       0x52 IRremote.o
                0x0000045a                IRsend::enableIROut(int)
 .text._ZN6IRsend13sendPanasonicEjm
                0x000004ac       0xbe IRremote.o
                0x000004ac                IRsend::sendPanasonic(unsigned int, unsigned long)
 .text._ZN6IRsend7sendRC6Emi
                0x0000056a       0xd8 IRremote.o
                0x0000056a                IRsend::sendRC6(unsigned long, int)
 .text._ZN6IRsend7sendRC5Emi
                0x00000642       0xb6 IRremote.o
                0x00000642                IRsend::sendRC5(unsigned long, int)
 .text._ZN6IRsend7sendRawEPjii
                0x000006f8       0x60 IRremote.o
                0x000006f8                IRsend::sendRaw(unsigned int*, int, int)
 .text._ZN6IRsend8sendSonyEmi
                0x00000758       0x9a IRremote.o
                0x00000758                IRsend::sendSony(unsigned long, int)
 .text._ZN6IRsend7sendNECEmi
                0x000007f2       0x98 IRremote.o
                0x000007f2                IRsend::sendNEC(unsigned long, int)
 .text._ZN6IRrecvC2Ei
                0x0000088a        0xa IRremote.o
                0x0000088a                IRrecv::IRrecv(int)
                0x0000088a                IRrecv::IRrecv(int)
 .text._ZN6IRrecv10enableIRInEv
                0x00000894       0x30 IRremote.o
                0x00000894                IRrecv::enableIRIn()
 .text.__vector_7
                0x000008c4      0x144 IRremote.o
                0x000008c4                __vector_7
 .text._ZN6IRrecv4stopEv
                0x00000a08       0x16 IRremote.o
                0x00000a08                IRrecv::stop()
 .text._ZN6IRrecv9decodeNECEP14decode_results
                0x00000a1e      0x152 IRremote.o
                0x00000a1e                IRrecv::decodeNEC(decode_results*)
 .text._ZN6IRrecv10decodeSonyEP14decode_results
                0x00000b70      0x13c IRremote.o
                0x00000b70                IRrecv::decodeSony(decode_results*)
 .text._ZN6IRrecv11decodeSanyoEP14decode_results
                0x00000cac      0x14e IRremote.o
                0x00000cac                IRrecv::decodeSanyo(decode_results*)
 .text._ZN6IRrecv16decodeMitsubishiEP14decode_results
                0x00000dfa      0x13c IRremote.o
                0x00000dfa                IRrecv::decodeMitsubishi(decode_results*)
 .text._ZN6IRrecv10getRClevelEP14decode_resultsPiS2_i
                0x00000f36      0x106 IRremote.o
                0x00000f36                IRrecv::getRClevel(decode_results*, int*, int*, int)
 .text._ZN6IRrecv9decodeRC5EP14decode_results
                0x0000103c      0x18a IRremote.o
                0x0000103c                IRrecv::decodeRC5(decode_results*)
 .text._ZN6IRrecv9decodeRC6EP14decode_results
                0x000011c6      0x20a IRremote.o
                0x000011c6                IRrecv::decodeRC6(decode_results*)
 .text._ZN6IRrecv15decodePanasonicEP14decode_results
                0x000013d0      0x16e IRremote.o
                0x000013d0                IRrecv::decodePanasonic(decode_results*)
 .text._ZN6IRrecv9decodeJVCEP14decode_results
                0x0000153e      0x196 IRremote.o
                0x0000153e                IRrecv::decodeJVC(decode_results*)
 .text._ZN6IRrecv7compareEjj
                0x000016d4       0x8e IRremote.o
                0x000016d4                IRrecv::compare(unsigned int, unsigned int)
 .text._ZN6IRrecv10decodeHashEP14decode_results
                0x00001762       0xe6 IRremote.o
                0x00001762                IRrecv::decodeHash(decode_results*)
 .text._ZN6IRrecv6decodeEP14decode_results
                0x00001848       0xfe IRremote.o
                0x00001848                IRrecv::decode(decode_results*)
 .text._ZN8IRSystemC2Ei
                0x00001946        0x6 IRSystem.o
                0x00001946                IRSystem::IRSystem(int)
                0x00001946                IRSystem::IRSystem(int)
 .text._ZN8IRSystem18getStringForServerEi
                0x0000194c      0x252 IRSystem.o
                0x0000194c                IRSystem::getStringForServer(int)
 .text._ZN8IRSystem23processAndExecuteStringER6String
                0x00001b9e      0x326 IRSystem.o
                0x00001b9e                IRSystem::processAndExecuteString(String&)
 .text._ZN8IRSystem13startReceiverER6String
                0x00001ec4      0x114 IRSystem.o
                0x00001ec4                IRSystem::startReceiver(String&)
 .text._Z8timerISRv
                0x00001fd8       0x76 LEDTimer.o
                0x00001fd8                timerISR()
 .text._ZN8LEDTimer6setLEDEhh
                0x0000204e       0x24 LEDTimer.o
                0x0000204e                LEDTimer::setLED(unsigned char, unsigned char)
 .text._ZN8LEDTimer5startEv
                0x00002072       0x32 LEDTimer.o
                0x00002072                LEDTimer::start()
 .text._ZN8LEDTimer4stopEv
                0x000020a4       0x26 LEDTimer.o
                0x000020a4                LEDTimer::stop()
 .text._ZN8LEDTimer6resumeEv
                0x000020ca       0x28 LEDTimer.o
                0x000020ca                LEDTimer::resume()
 .text._ZN8LEDTimer10quickFlashEv
                0x000020f2       0x4e LEDTimer.o
                0x000020f2                LEDTimer::quickFlash()
 .text._ZN8LEDTimer11quickSetLEDEv
                0x00002140       0x34 LEDTimer.o
                0x00002140                LEDTimer::quickSetLED()
 .text._ZN8LEDTimer8setStateEhh
                0x00002174       0x42 LEDTimer.o
                0x00002174                LEDTimer::setState(unsigned char, unsigned char)
 .text._Z12freeListSizev
                0x000021b6       0x24 MemoryFree.o
                0x000021b6                freeListSize()
 .text.freeMemory
                0x000021da       0x4c MemoryFree.o
                0x000021da                freeMemory
 .text._ZN14SoftwareSerial4readEv
                0x00002226       0x48 SoftwareSerial.o
                0x00002226                SoftwareSerial::read()
 .text._ZN14SoftwareSerial4peekEv
                0x0000226e       0x36 SoftwareSerial.o
                0x0000226e                SoftwareSerial::peek()
 .text._ZN14SoftwareSerial5flushEv
                0x000022a4       0x1e SoftwareSerial.o
                0x000022a4                SoftwareSerial::flush()
 .text._ZN14SoftwareSerial9availableEv
                0x000022c2       0x30 SoftwareSerial.o
                0x000022c2                SoftwareSerial::available()
 .text._ZN14SoftwareSerial10tunedDelayEj
                0x000022f2        0xe SoftwareSerial.o
                0x000022f2                SoftwareSerial::tunedDelay(unsigned int)
 .text._ZN14SoftwareSerial6listenEv
                0x00002300       0x34 SoftwareSerial.o
                0x00002300                SoftwareSerial::listen()
 .text._ZN14SoftwareSerial4recvEv
                0x00002334       0xc0 SoftwareSerial.o
                0x00002334                SoftwareSerial::recv()
 .text._ZN14SoftwareSerial12tx_pin_writeEh
                0x000023f4       0x1e SoftwareSerial.o
                0x000023f4                SoftwareSerial::tx_pin_write(unsigned char)
 .text._ZN14SoftwareSerial5writeEh
                0x00002412       0xc6 SoftwareSerial.o
                0x00002412                SoftwareSerial::write(unsigned char)
 .text._ZN14SoftwareSerial16handle_interruptEv
                0x000024d8       0x12 SoftwareSerial.o
                0x000024d8                SoftwareSerial::handle_interrupt()
 .text.__vector_3
                0x000024ea       0x48 SoftwareSerial.o
                0x000024ea                __vector_3
 .text.__vector_4
                0x00002532       0x48 SoftwareSerial.o
                0x00002532                __vector_4
 .text.__vector_5
                0x0000257a       0x48 SoftwareSerial.o
                0x0000257a                __vector_5
 .text._ZN14SoftwareSerial5setTXEh
                0x000025c2       0x4a SoftwareSerial.o
                0x000025c2                SoftwareSerial::setTX(unsigned char)
 .text._ZN14SoftwareSerial5setRXEh
                0x0000260c       0x52 SoftwareSerial.o
                0x0000260c                SoftwareSerial::setRX(unsigned char)
 .text._ZN14SoftwareSerialC2Ehhb
                0x0000265e       0x5a SoftwareSerial.o
                0x0000265e                SoftwareSerial::SoftwareSerial(unsigned char, unsigned char, bool)
                0x0000265e                SoftwareSerial::SoftwareSerial(unsigned char, unsigned char, bool)
 .text._ZN14SoftwareSerial5beginEl
                0x000026b8      0x14e SoftwareSerial.o
                0x000026b8                SoftwareSerial::begin(long)
 .text._ZN14SoftwareSerial3endEv
                0x00002806       0x5e SoftwareSerial.o
                0x00002806                SoftwareSerial::end()
 .text._ZN14SoftwareSerialD2Ev
                0x00002864       0x10 SoftwareSerial.o
                0x00002864                SoftwareSerial::~SoftwareSerial()
                0x00002864                SoftwareSerial::~SoftwareSerial()
 .text.checkForString
                0x00002874       0x16 StringW.o
                0x00002874                checkForString
 .text.initializeString
                0x0000288a       0x58 StringW.o
                0x0000288a                initializeString
 .text.getValue
                0x000028e2       0xdc StringW.o
                0x000028e2                getValue
 .text.__vector_13
                0x000029be       0x4e TimerOne.o
                0x000029be                __vector_13
 .text._ZN8TimerOne9setPeriodEl
                0x00002a0c       0xe4 TimerOne.o
                0x00002a0c                TimerOne::setPeriod(long)
 .text._ZN8TimerOne10initializeEl
                0x00002af0       0x10 TimerOne.o
                0x00002af0                TimerOne::initialize(long)
 .text._ZN8TimerOne6resumeEv
                0x00002b00       0x14 TimerOne.o
                0x00002b00                TimerOne::resume()
 .text._ZN8TimerOne15attachInterruptEPFvvEl
                0x00002b14       0x38 TimerOne.o
                0x00002b14                TimerOne::attachInterrupt(void (*)(), long)
 .text._ZN8TimerOne4stopEv
                0x00002b4c        0xc TimerOne.o
                0x00002b4c                TimerOne::stop()
 .text._ZN9WiFlyRNXVC2Ehh
                0x00002b58       0x72 WiFlyRNXV.o
                0x00002b58                WiFlyRNXV::WiFlyRNXV(unsigned char, unsigned char)
                0x00002b58                WiFlyRNXV::WiFlyRNXV(unsigned char, unsigned char)
 .text._ZN9WiFlyRNXV5startEv
                0x00002bca       0x2a WiFlyRNXV.o
                0x00002bca                WiFlyRNXV::start()
 .text._ZN9WiFlyRNXV19checkBufferResponseE6Stringi
                0x00002bf4      0x166 WiFlyRNXV.o
                0x00002bf4                WiFlyRNXV::checkBufferResponse(String, int)
 .text._ZN9WiFlyRNXV16EnterCommandModeEv
                0x00002d5a       0x88 WiFlyRNXV.o
                0x00002d5a                WiFlyRNXV::EnterCommandMode()
 .text._ZN9WiFlyRNXV15ExitCommandModeEv
                0x00002de2       0x24 WiFlyRNXV.o
                0x00002de2                WiFlyRNXV::ExitCommandMode()
 .text._ZN9WiFlyRNXV11RebootWiFlyEv
                0x00002e06       0x30 WiFlyRNXV.o
                0x00002e06                WiFlyRNXV::RebootWiFly()
 .text._ZN9WiFlyRNXV15CheckWiFiStatusEv
                0x00002e36       0x88 WiFlyRNXV.o
                0x00002e36                WiFlyRNXV::CheckWiFiStatus()
 .text._ZN9WiFlyRNXV10EnterAdHocEv
                0x00002ebe      0x1b6 WiFlyRNXV.o
                0x00002ebe                WiFlyRNXV::EnterAdHoc()
 .text._ZN9WiFlyRNXV14AdHocConnectedEv
                0x00003074       0x66 WiFlyRNXV.o
                0x00003074                WiFlyRNXV::AdHocConnected()
 .text._ZN9WiFlyRNXV10AdHocEndedEv
                0x000030da       0x30 WiFlyRNXV.o
                0x000030da                WiFlyRNXV::AdHocEnded()
 .text._ZN9WiFlyRNXV11getDataTypeER6Stringi
                0x0000310a      0x204 WiFlyRNXV.o
                0x0000310a                WiFlyRNXV::getDataType(String&, int)
 .text._ZN9WiFlyRNXV9setHostIPEv
                0x0000330e       0xea WiFlyRNXV.o
                0x0000330e                WiFlyRNXV::setHostIP()
 .text._ZN9WiFlyRNXV19getIPValueFromWiFlyEv
                0x000033f8       0x10 WiFlyRNXV.o
                0x000033f8                WiFlyRNXV::getIPValueFromWiFly()
 .text._ZN9WiFlyRNXV15processResponseEb
                0x00003408       0xf4 WiFlyRNXV.o
                0x00003408                WiFlyRNXV::processResponse(bool)
 .text._ZN9WiFlyRNXV13sendTCPStringE6Stringh
                0x000034fc      0x15c WiFlyRNXV.o
                0x000034fc                WiFlyRNXV::sendTCPString(String, unsigned char)
 .text._ZN9WiFlyRNXV12updateServerEh
                0x00003658       0xce WiFlyRNXV.o
                0x00003658                WiFlyRNXV::updateServer(unsigned char)
 .text._ZN9WiFlyRNXV21processActualResponseEh
                0x00003726      0x208 WiFlyRNXV.o
                0x00003726                WiFlyRNXV::processActualResponse(unsigned char)
 .text._ZN9WiFlyRNXV16listenAndProcessEv
                0x0000392e      0x11a WiFlyRNXV.o
                0x0000392e                WiFlyRNXV::listenAndProcess()
 .text._Z14interruptAdHocv
                0x00003a48       0x4e WiRed.o
                0x00003a48                interruptAdHoc()
 .text._Z41__static_initialization_and_destruction_0ii.constprop.2
                0x00003a96       0x32 WiRed.o
 .text._Z10updateWiFiv
                0x00003ac8       0x6a WiRed.o
                0x00003ac8                updateWiFi()
 .text.setup    0x00003b32       0x80 WiRed.o
                0x00003b32                setup
 .text.loop     0x00003bb2      0x1f4 WiRed.o
                0x00003bb2                loop
 .text.startup._GLOBAL__sub_I_state
                0x00003da6        0xa WiRed.o
 .text.exit._GLOBAL__sub_D_state
                0x00003db0        0xa WiRed.o
 .text.avr-libc.fplib
                0x00003dba        0xa c:/program files (x86)/atmel/atmel studio 6.0/extensions/atmel/avrgcc/3.4.0.65/avrtoolchain/bin/../lib/gcc/avr/4.6.2/../../../../avr/lib/avr5\libm.a(addsf3.o)
                0x00003dba                __subsf3
                0x00003dbc                __addsf3
 .text.avr-libc.fplib
                0x00003dc4       0xc0 c:/program files (x86)/atmel/atmel studio 6.0/extensions/atmel/avrgcc/3.4.0.65/avrtoolchain/bin/../lib/gcc/avr/4.6.2/../../../../avr/lib/avr5\libm.a(addsf3x.o)
                0x00003dde                __addsf3x
 .text.avr-libc.fplib
                0x00003e84        0x8 c:/program files (x86)/atmel/atmel studio 6.0/extensions/atmel/avrgcc/3.4.0.65/avrtoolchain/bin/../lib/gcc/avr/4.6.2/../../../../avr/lib/avr5\libm.a(cmpsf2.o)
                0x00003e84                __nesf2
                0x00003e84                __eqsf2
                0x00003e84                __cmpsf2
                0x00003e84                __ltsf2
                0x00003e84                __lesf2
 .text.avr-libc.fplib
                0x00003e8c        0x4 c:/program files (x86)/atmel/atmel studio 6.0/extensions/atmel/avrgcc/3.4.0.65/avrtoolchain/bin/../lib/gcc/avr/4.6.2/../../../../avr/lib/avr5\libm.a(divsf3.o)
                0x00003e8c                __divsf3
 .text.avr-libc.fplib
                0x00003e90       0xcc c:/program files (x86)/atmel/atmel studio 6.0/extensions/atmel/avrgcc/3.4.0.65/avrtoolchain/bin/../lib/gcc/avr/4.6.2/../../../../avr/lib/avr5\libm.a(divsf3x.o)
                0x00003ea6                __divsf3x
                0x00003eaa                __divsf3_pse
 .text.avr-libc.fplib
                0x00003f5c        0xa c:/program files (x86)/atmel/atmel studio 6.0/extensions/atmel/avrgcc/3.4.0.65/avrtoolchain/bin/../lib/gcc/avr/4.6.2/../../../../avr/lib/avr5\libm.a(fixsfsi.o)
                0x00003f5c                __fixsfsi
 .text.avr-libc.fplib
                0x00003f66       0x58 c:/program files (x86)/atmel/atmel studio 6.0/extensions/atmel/avrgcc/3.4.0.65/avrtoolchain/bin/../lib/gcc/avr/4.6.2/../../../../avr/lib/avr5\libm.a(fixunssfsi.o)
                0x00003f66                __fixunssfsi
 .text.avr-libc.fplib
                0x00003fbe       0x7a c:/program files (x86)/atmel/atmel studio 6.0/extensions/atmel/avrgcc/3.4.0.65/avrtoolchain/bin/../lib/gcc/avr/4.6.2/../../../../avr/lib/avr5\libm.a(floatsisf.o)
                0x00003fbe                __floatunsisf
                0x00003fc2                __floatsisf
 .text.avr-libc.fplib
                0x00004038       0x48 c:/program files (x86)/atmel/atmel studio 6.0/extensions/atmel/avrgcc/3.4.0.65/avrtoolchain/bin/../lib/gcc/avr/4.6.2/../../../../avr/lib/avr5\libm.a(fp_cmp.o)
                0x00004038                __fp_cmp
 .text.avr-libc.fplib
                0x00004080        0xc c:/program files (x86)/atmel/atmel studio 6.0/extensions/atmel/avrgcc/3.4.0.65/avrtoolchain/bin/../lib/gcc/avr/4.6.2/../../../../avr/lib/avr5\libm.a(fp_inf.o)
                0x00004080                __fp_inf
 .text.avr-libc.fplib
                0x0000408c        0x6 c:/program files (x86)/atmel/atmel studio 6.0/extensions/atmel/avrgcc/3.4.0.65/avrtoolchain/bin/../lib/gcc/avr/4.6.2/../../../../avr/lib/avr5\libm.a(fp_nan.o)
                0x0000408c                __fp_nan
 .text.avr-libc.fplib
                0x00004092        0xe c:/program files (x86)/atmel/atmel studio 6.0/extensions/atmel/avrgcc/3.4.0.65/avrtoolchain/bin/../lib/gcc/avr/4.6.2/../../../../avr/lib/avr5\libm.a(fp_pscA.o)
                0x00004092                __fp_pscA
 .text.avr-libc.fplib
                0x000040a0        0xe c:/program files (x86)/atmel/atmel studio 6.0/extensions/atmel/avrgcc/3.4.0.65/avrtoolchain/bin/../lib/gcc/avr/4.6.2/../../../../avr/lib/avr5\libm.a(fp_pscB.o)
                0x000040a0                __fp_pscB
 .text.avr-libc.fplib
                0x000040ae       0x22 c:/program files (x86)/atmel/atmel studio 6.0/extensions/atmel/avrgcc/3.4.0.65/avrtoolchain/bin/../lib/gcc/avr/4.6.2/../../../../avr/lib/avr5\libm.a(fp_round.o)
                0x000040ae                __fp_round
 .text.avr-libc.fplib
                0x000040d0       0x44 c:/program files (x86)/atmel/atmel studio 6.0/extensions/atmel/avrgcc/3.4.0.65/avrtoolchain/bin/../lib/gcc/avr/4.6.2/../../../../avr/lib/avr5\libm.a(fp_split3.o)
                0x000040d0                __fp_split3
                0x000040e0                __fp_splitA
 .text.avr-libc.fplib
                0x00004114        0xe c:/program files (x86)/atmel/atmel studio 6.0/extensions/atmel/avrgcc/3.4.0.65/avrtoolchain/bin/../lib/gcc/avr/4.6.2/../../../../avr/lib/avr5\libm.a(fp_zero.o)
                0x00004114                __fp_zero
                0x00004116                __fp_szero
 .text.avr-libc.fplib
                0x00004122        0x4 c:/program files (x86)/atmel/atmel studio 6.0/extensions/atmel/avrgcc/3.4.0.65/avrtoolchain/bin/../lib/gcc/avr/4.6.2/../../../../avr/lib/avr5\libm.a(mulsf3.o)
                0x00004122                __mulsf3
 .text.avr-libc.fplib
                0x00004126       0xc2 c:/program files (x86)/atmel/atmel studio 6.0/extensions/atmel/avrgcc/3.4.0.65/avrtoolchain/bin/../lib/gcc/avr/4.6.2/../../../../avr/lib/avr5\libm.a(mulsf3x.o)
                0x0000413a                __mulsf3x
                0x0000413e                __mulsf3_pse
 .text.attachInterrupt
                0x000041e8       0x46 ../../ArduinoCore\libcore.a(WInterrupts.c.o)
                0x000041e8                attachInterrupt
 .text.__vector_1
                0x0000422e       0x5a ../../ArduinoCore\libcore.a(WInterrupts.c.o)
                0x0000422e                __vector_1
 .text.__vector_2
                0x00004288       0x5a ../../ArduinoCore\libcore.a(WInterrupts.c.o)
                0x00004288                __vector_2
 .text.__vector_16
                0x000042e2       0x90 ../../ArduinoCore\libcore.a(wiring.c.o)
                0x000042e2                __vector_16
 .text.millis   0x00004372       0x1c ../../ArduinoCore\libcore.a(wiring.c.o)
                0x00004372                millis
 .text.delay    0x0000438e       0xb2 ../../ArduinoCore\libcore.a(wiring.c.o)
                0x0000438e                delay
 .text.delayMicroseconds
                0x00004440       0x14 ../../ArduinoCore\libcore.a(wiring.c.o)
                0x00004440                delayMicroseconds
 .text.init     0x00004454       0x76 ../../ArduinoCore\libcore.a(wiring.c.o)
                0x00004454                init
 .text.pinMode  0x000044ca       0x7e ../../ArduinoCore\libcore.a(wiring_digital.c.o)
                0x000044ca                pinMode
 .text.digitalWrite
                0x00004548       0xa8 ../../ArduinoCore\libcore.a(wiring_digital.c.o)
                0x00004548                digitalWrite
 .text.digitalRead
                0x000045f0       0xa6 ../../ArduinoCore\libcore.a(wiring_digital.c.o)
                0x000045f0                digitalRead
 .text._Z11serialEventv
                0x00004696        0x2 ../../ArduinoCore\libcore.a(HardwareSerial.cpp.o)
                0x00004696                serialEvent()
 .text.__vector_18
                0x00004698       0x68 ../../ArduinoCore\libcore.a(HardwareSerial.cpp.o)
                0x00004698                __vector_18
 .text._Z14serialEventRunv
                0x00004700       0x26 ../../ArduinoCore\libcore.a(HardwareSerial.cpp.o)
                0x00004700                serialEventRun()
 .text.__vector_19
                0x00004726       0x76 ../../ArduinoCore\libcore.a(HardwareSerial.cpp.o)
                0x00004726                __vector_19
 .text._ZN14HardwareSerial5beginEm
                0x0000479c      0x10c ../../ArduinoCore\libcore.a(HardwareSerial.cpp.o)
                0x0000479c                HardwareSerial::begin(unsigned long)
 .text._ZN14HardwareSerial9availableEv
                0x000048a8       0x22 ../../ArduinoCore\libcore.a(HardwareSerial.cpp.o)
                0x000048a8                HardwareSerial::available()
 .text._ZN14HardwareSerial4peekEv
                0x000048ca       0x40 ../../ArduinoCore\libcore.a(HardwareSerial.cpp.o)
                0x000048ca                HardwareSerial::peek()
 .text._ZN14HardwareSerial4readEv
                0x0000490a       0x52 ../../ArduinoCore\libcore.a(HardwareSerial.cpp.o)
                0x0000490a                HardwareSerial::read()
 .text._ZN14HardwareSerial5flushEv
                0x0000495c       0x24 ../../ArduinoCore\libcore.a(HardwareSerial.cpp.o)
                0x0000495c                HardwareSerial::flush()
 .text._ZN14HardwareSerial5writeEh
                0x00004980       0x72 ../../ArduinoCore\libcore.a(HardwareSerial.cpp.o)
                0x00004980                HardwareSerial::write(unsigned char)
 .text._GLOBAL__I_rx_buffer
                0x000049f2       0xa0 ../../ArduinoCore\libcore.a(HardwareSerial.cpp.o)
 .text.main     0x00004a92       0x1e ../../ArduinoCore\libcore.a(main.cpp.o)
                0x00004a92                main
 .text.__cxa_pure_virtual
                0x00004ab0        0x2 ../../ArduinoCore\libcore.a(new.cpp.o)
                0x00004ab0                __cxa_pure_virtual
 .text._ZN5Print5writeEPKhj
                0x00004ab2       0x54 ../../ArduinoCore\libcore.a(Print.cpp.o)
                0x00004ab2                Print::write(unsigned char const*, unsigned int)
 .text._ZN5Print5printEc
                0x00004b06       0x10 ../../ArduinoCore\libcore.a(Print.cpp.o)
                0x00004b06                Print::print(char)
 .text._ZN5Print7printlnEv
                0x00004b16       0x40 ../../ArduinoCore\libcore.a(Print.cpp.o)
                0x00004b16                Print::println()
 .text._ZN5Print5writeEPKc
                0x00004b56       0x28 ../../ArduinoCore\libcore.a(Print.cpp.o)
                0x00004b56                Print::write(char const*)
 .text._ZN5Print11printNumberEmh
                0x00004b7e       0xc8 ../../ArduinoCore\libcore.a(Print.cpp.o)
                0x00004b7e                Print::printNumber(unsigned long, unsigned char)
 .text._ZN5Print5printEmi
                0x00004c46       0x1e ../../ArduinoCore\libcore.a(Print.cpp.o)
                0x00004c46                Print::print(unsigned long, int)
 .text._ZN5Print7printlnEmi
                0x00004c64       0x28 ../../ArduinoCore\libcore.a(Print.cpp.o)
                0x00004c64                Print::println(unsigned long, int)
 .text._ZN5Print7printlnEji
                0x00004c8c       0x3a ../../ArduinoCore\libcore.a(Print.cpp.o)
                0x00004c8c                Print::println(unsigned int, int)
 .text._ZN5Print5printEhi
                0x00004cc6       0x24 ../../ArduinoCore\libcore.a(Print.cpp.o)
                0x00004cc6                Print::print(unsigned char, int)
 .text._ZN5Print7printlnEhi
                0x00004cea       0x3c ../../ArduinoCore\libcore.a(Print.cpp.o)
                0x00004cea                Print::println(unsigned char, int)
 .text._ZN5Print5printEli
                0x00004d26       0x80 ../../ArduinoCore\libcore.a(Print.cpp.o)
                0x00004d26                Print::print(long, int)
 .text._ZN5Print7printlnEii
                0x00004da6       0x3e ../../ArduinoCore\libcore.a(Print.cpp.o)
                0x00004da6                Print::println(int, int)
 .text._ZN5Print5printEPKc
                0x00004de4        0x6 ../../ArduinoCore\libcore.a(Print.cpp.o)
                0x00004de4                Print::print(char const*)
 .text._ZN5Print7printlnEPKc
                0x00004dea       0x26 ../../ArduinoCore\libcore.a(Print.cpp.o)
                0x00004dea                Print::println(char const*)
 .text._ZN5Print5printERK6String
                0x00004e10       0x66 ../../ArduinoCore\libcore.a(Print.cpp.o)
                0x00004e10                Print::print(String const&)
 .text._ZN5Print7printlnERK6String
                0x00004e76       0x28 ../../ArduinoCore\libcore.a(Print.cpp.o)
                0x00004e76                Print::println(String const&)
 .text._ZNK6String6charAtEj
                0x00004e9e       0x22 ../../ArduinoCore\libcore.a(WString.cpp.o)
                0x00004e9e                String::charAt(unsigned int) const
 .text._ZN6StringixEj
                0x00004ec0       0x2a ../../ArduinoCore\libcore.a(WString.cpp.o)
                0x00004ec0                String::operator[](unsigned int)
 .text._ZNK6StringixEj
                0x00004eea       0x22 ../../ArduinoCore\libcore.a(WString.cpp.o)
                0x00004eea                String::operator[](unsigned int) const
 .text._ZNK6String5toIntEv
                0x00004f0c       0x22 ../../ArduinoCore\libcore.a(WString.cpp.o)
                0x00004f0c                String::toInt() const
 .text._ZN6String4trimEv
                0x00004f2e       0xb6 ../../ArduinoCore\libcore.a(WString.cpp.o)
                0x00004f2e                String::trim()
 .text._ZNK6String11lastIndexOfERKS_j
                0x00004fe4       0x9c ../../ArduinoCore\libcore.a(WString.cpp.o)
                0x00004fe4                String::lastIndexOf(String const&, unsigned int) const
 .text._ZNK6String7indexOfERKS_j
                0x00005080       0x3c ../../ArduinoCore\libcore.a(WString.cpp.o)
                0x00005080                String::indexOf(String const&, unsigned int) const
 .text._ZNK6String7indexOfERKS_
                0x000050bc        0xa ../../ArduinoCore\libcore.a(WString.cpp.o)
                0x000050bc                String::indexOf(String const&) const
 .text._ZNK6String6equalsEPKc
                0x000050c6       0x46 ../../ArduinoCore\libcore.a(WString.cpp.o)
                0x000050c6                String::equals(char const*) const
 .text._ZN6String12changeBufferEj
                0x0000510c       0x34 ../../ArduinoCore\libcore.a(WString.cpp.o)
                0x0000510c                String::changeBuffer(unsigned int)
 .text._ZN6String7replaceERKS_S1_
                0x00005140      0x20a ../../ArduinoCore\libcore.a(WString.cpp.o)
                0x00005140                String::replace(String const&, String const&)
 .text._ZN6String7reserveEj
                0x0000534a       0x38 ../../ArduinoCore\libcore.a(WString.cpp.o)
                0x0000534a                String::reserve(unsigned int)
 .text._ZN6String6concatEPKcj
                0x00005382       0x5a ../../ArduinoCore\libcore.a(WString.cpp.o)
                0x00005382                String::concat(char const*, unsigned int)
 .text._ZN6String6concatEPKc
                0x000053dc       0x20 ../../ArduinoCore\libcore.a(WString.cpp.o)
                0x000053dc                String::concat(char const*)
 .text._ZN6String6concatERKS_
                0x000053fc       0x10 ../../ArduinoCore\libcore.a(WString.cpp.o)
                0x000053fc                String::concat(String const&)
 .text._ZN6String10invalidateEv
                0x0000540c       0x24 ../../ArduinoCore\libcore.a(WString.cpp.o)
                0x0000540c                String::invalidate()
 .text._ZplRK15StringSumHelperPKc
                0x00005430       0x38 ../../ArduinoCore\libcore.a(WString.cpp.o)
                0x00005430                operator+(StringSumHelper const&, char const*)
 .text._ZplRK15StringSumHelperRK6String
                0x00005468       0x2c ../../ArduinoCore\libcore.a(WString.cpp.o)
                0x00005468                operator+(StringSumHelper const&, String const&)
 .text._ZN6String4copyEPKcj
                0x00005494       0x42 ../../ArduinoCore\libcore.a(WString.cpp.o)
                0x00005494                String::copy(char const*, unsigned int)
 .text._ZN6StringC1EPKc
                0x000054d6       0x34 ../../ArduinoCore\libcore.a(WString.cpp.o)
                0x000054d6                String::String(char const*)
 .text._ZN6StringC2EPKc
                0x0000550a       0x34 ../../ArduinoCore\libcore.a(WString.cpp.o)
                0x0000550a                String::String(char const*)
 .text._ZN6StringaSEPKc
                0x0000553e       0x32 ../../ArduinoCore\libcore.a(WString.cpp.o)
                0x0000553e                String::operator=(char const*)
 .text._ZN6StringC1Emh
                0x00005570       0x64 ../../ArduinoCore\libcore.a(WString.cpp.o)
                0x00005570                String::String(unsigned long, unsigned char)
 .text._ZN6StringC1Ejh
                0x000055d4       0x62 ../../ArduinoCore\libcore.a(WString.cpp.o)
                0x000055d4                String::String(unsigned int, unsigned char)
 .text._ZN6StringC1Eih
                0x00005636       0x62 ../../ArduinoCore\libcore.a(WString.cpp.o)
                0x00005636                String::String(int, unsigned char)
 .text._ZN6StringC1Ec
                0x00005698       0x32 ../../ArduinoCore\libcore.a(WString.cpp.o)
                0x00005698                String::String(char)
 .text._ZNK6String9substringEjj
                0x000056ca       0x8e ../../ArduinoCore\libcore.a(WString.cpp.o)
                0x000056ca                String::substring(unsigned int, unsigned int) const
 .text._ZN6StringaSERKS_
                0x00005758       0x2e ../../ArduinoCore\libcore.a(WString.cpp.o)
                0x00005758                String::operator=(String const&)
 .text._ZN6StringC1ERKS_
                0x00005786       0x16 ../../ArduinoCore\libcore.a(WString.cpp.o)
                0x00005786                String::String(String const&)
 .text._ZN6StringC2ERKS_
                0x0000579c       0x16 ../../ArduinoCore\libcore.a(WString.cpp.o)
                0x0000579c                String::String(String const&)
 .text._ZN6StringD1Ev
                0x000057b2        0xc ../../ArduinoCore\libcore.a(WString.cpp.o)
                0x000057b2                String::~String()
 .text._ZN6StringD2Ev
                0x000057be        0xc ../../ArduinoCore\libcore.a(WString.cpp.o)
                0x000057be                String::~String()
 .text.libgcc   0x000057ca       0x3e c:/program files (x86)/atmel/atmel studio 6.0/extensions/atmel/avrgcc/3.4.0.65/avrtoolchain/bin/../lib/gcc/avr/4.6.2/avr5\libgcc.a(_mulsi3.o)
                0x000057ca                __mulsi3
 .text.libgcc   0x00005808       0x18 c:/program files (x86)/atmel/atmel studio 6.0/extensions/atmel/avrgcc/3.4.0.65/avrtoolchain/bin/../lib/gcc/avr/4.6.2/avr5\libgcc.a(_udivmodqi4.o)
                0x00005808                __udivmodqi4
 .text.libgcc   0x00005820       0x26 c:/program files (x86)/atmel/atmel studio 6.0/extensions/atmel/avrgcc/3.4.0.65/avrtoolchain/bin/../lib/gcc/avr/4.6.2/avr5\libgcc.a(_divmodhi4.o)
                0x00005820                _div
                0x00005820                __divmodhi4
 .text.libgcc   0x00005846       0x44 c:/program files (x86)/atmel/atmel studio 6.0/extensions/atmel/avrgcc/3.4.0.65/avrtoolchain/bin/../lib/gcc/avr/4.6.2/avr5\libgcc.a(_udivmodsi4.o)
                0x00005846                __udivmodsi4
 .text.libgcc   0x0000588a       0x36 c:/program files (x86)/atmel/atmel studio 6.0/extensions/atmel/avrgcc/3.4.0.65/avrtoolchain/bin/../lib/gcc/avr/4.6.2/avr5\libgcc.a(_divmodsi4.o)
                0x0000588a                __divmodsi4
 .text.libgcc   0x000058c0       0x28 c:/program files (x86)/atmel/atmel studio 6.0/extensions/atmel/avrgcc/3.4.0.65/avrtoolchain/bin/../lib/gcc/avr/4.6.2/avr5\libgcc.a(_udivmodhi4.o)
                0x000058c0                __udivmodhi4
 .text.libgcc   0x000058e8        0xc c:/program files (x86)/atmel/atmel studio 6.0/extensions/atmel/avrgcc/3.4.0.65/avrtoolchain/bin/../lib/gcc/avr/4.6.2/avr5\libgcc.a(_tablejump.o)
                0x000058e8                __tablejump2__
                0x000058ec                __tablejump__
 .text.avr-libc
                0x000058f4      0x25e c:/program files (x86)/atmel/atmel studio 6.0/extensions/atmel/avrgcc/3.4.0.65/avrtoolchain/bin/../lib/gcc/avr/4.6.2/../../../../avr/lib/avr5\libc.a(malloc.o)
                0x000058f4                malloc
                0x00005a20                free
 .text.avr-libc
                0x00005b52      0x196 c:/program files (x86)/atmel/atmel studio 6.0/extensions/atmel/avrgcc/3.4.0.65/avrtoolchain/bin/../lib/gcc/avr/4.6.2/../../../../avr/lib/avr5\libc.a(realloc.o)
                0x00005b52                realloc
 .text.avr-libc
                0x00005ce8       0x4e c:/program files (x86)/atmel/atmel studio 6.0/extensions/atmel/avrgcc/3.4.0.65/avrtoolchain/bin/../lib/gcc/avr/4.6.2/../../../../avr/lib/avr5\libc.a(atol.o)
                0x00005ce8                atol
 .text.avr-libc
                0x00005d36       0x10 c:/program files (x86)/atmel/atmel studio 6.0/extensions/atmel/avrgcc/3.4.0.65/avrtoolchain/bin/../lib/gcc/avr/4.6.2/../../../../avr/lib/avr5\libc.a(isspace.o)
                0x00005d36                isspace
 .text.avr-libc
                0x00005d46       0x12 c:/program files (x86)/atmel/atmel studio 6.0/extensions/atmel/avrgcc/3.4.0.65/avrtoolchain/bin/../lib/gcc/avr/4.6.2/../../../../avr/lib/avr5\libc.a(memcpy.o)
                0x00005d46                memcpy
 .text.avr-libc
                0x00005d58       0x24 c:/program files (x86)/atmel/atmel studio 6.0/extensions/atmel/avrgcc/3.4.0.65/avrtoolchain/bin/../lib/gcc/avr/4.6.2/../../../../avr/lib/avr5\libc.a(memmove.o)
                0x00005d58                memmove
 .text.avr-libc
                0x00005d7c       0x12 c:/program files (x86)/atmel/atmel studio 6.0/extensions/atmel/avrgcc/3.4.0.65/avrtoolchain/bin/../lib/gcc/avr/4.6.2/../../../../avr/lib/avr5\libc.a(strcmp.o)
                0x00005d7c                strcmp
 .text.avr-libc
                0x00005d8e        0xe c:/program files (x86)/atmel/atmel studio 6.0/extensions/atmel/avrgcc/3.4.0.65/avrtoolchain/bin/../lib/gcc/avr/4.6.2/../../../../avr/lib/avr5\libc.a(strcpy.o)
                0x00005d8e                strcpy
 .text.avr-libc
                0x00005d9c       0x34 c:/program files (x86)/atmel/atmel studio 6.0/extensions/atmel/avrgcc/3.4.0.65/avrtoolchain/bin/../lib/gcc/avr/4.6.2/../../../../avr/lib/avr5\libc.a(strstr.o)
                0x00005d9c                strstr
 .text.avr-libc
                0x00005dd0       0x42 c:/program files (x86)/atmel/atmel studio 6.0/extensions/atmel/avrgcc/3.4.0.65/avrtoolchain/bin/../lib/gcc/avr/4.6.2/../../../../avr/lib/avr5\libc.a(itoa.o)
                0x00005dd0                itoa
 .text.avr-libc
                0x00005e12       0x2a c:/program files (x86)/atmel/atmel studio 6.0/extensions/atmel/avrgcc/3.4.0.65/avrtoolchain/bin/../lib/gcc/avr/4.6.2/../../../../avr/lib/avr5\libc.a(mulsi10.o)
                0x00005e12                __mulsi_const_10
 .text.avr-libc
                0x00005e3c       0x4a c:/program files (x86)/atmel/atmel studio 6.0/extensions/atmel/avrgcc/3.4.0.65/avrtoolchain/bin/../lib/gcc/avr/4.6.2/../../../../avr/lib/avr5\libc.a(ultoa.o)
                0x00005e3c                ultoa
 .text.avr-libc
                0x00005e86       0x2c c:/program files (x86)/atmel/atmel studio 6.0/extensions/atmel/avrgcc/3.4.0.65/avrtoolchain/bin/../lib/gcc/avr/4.6.2/../../../../avr/lib/avr5\libc.a(utoa.o)
                0x00005e86                utoa
 .text.avr-libc
                0x00005eb2        0x6 c:/program files (x86)/atmel/atmel studio 6.0/extensions/atmel/avrgcc/3.4.0.65/avrtoolchain/bin/../lib/gcc/avr/4.6.2/../../../../avr/lib/avr5\libc.a(cty_isfalse.o)
                0x00005eb2                __ctype_isfalse
                0x00005eb6                __ctype_istrue
 .text.avr-libc
                0x00005eb8       0x20 c:/program files (x86)/atmel/atmel studio 6.0/extensions/atmel/avrgcc/3.4.0.65/avrtoolchain/bin/../lib/gcc/avr/4.6.2/../../../../avr/lib/avr5\libc.a(strrev.o)
                0x00005eb8                strrev
 .text.libgcc   0x00005ed8       0x38 c:/program files (x86)/atmel/atmel studio 6.0/extensions/atmel/avrgcc/3.4.0.65/avrtoolchain/bin/../lib/gcc/avr/4.6.2/avr5\libgcc.a(_prologue.o)
                0x00005ed8                __prologue_saves__
 .text.libgcc   0x00005f10       0x36 c:/program files (x86)/atmel/atmel studio 6.0/extensions/atmel/avrgcc/3.4.0.65/avrtoolchain/bin/../lib/gcc/avr/4.6.2/avr5\libgcc.a(_epilogue.o)
                0x00005f10                __epilogue_restores__
                0x00005f46                . = ALIGN (0x2)
 *(.fini9)
 .fini9         0x00005f46        0x0 c:/program files (x86)/atmel/atmel studio 6.0/extensions/atmel/avrgcc/3.4.0.65/avrtoolchain/bin/../lib/gcc/avr/4.6.2/avr5\libgcc.a(_exit.o)
                0x00005f46                _exit
                0x00005f46                exit
 *(.fini9)
 *(.fini8)
 *(.fini8)
 *(.fini7)
 *(.fini7)
 *(.fini6)
 .fini6         0x00005f46       0x16 c:/program files (x86)/atmel/atmel studio 6.0/extensions/atmel/avrgcc/3.4.0.65/avrtoolchain/bin/../lib/gcc/avr/4.6.2/avr5\libgcc.a(_dtors.o)
                0x00005f46                __do_global_dtors
 *(.fini6)
 *(.fini5)
 *(.fini5)
 *(.fini4)
 *(.fini4)
 *(.fini3)
 *(.fini3)
 *(.fini2)
 *(.fini2)
 *(.fini1)
 *(.fini1)
 *(.fini0)
 .fini0         0x00005f5c        0x4 c:/program files (x86)/atmel/atmel studio 6.0/extensions/atmel/avrgcc/3.4.0.65/avrtoolchain/bin/../lib/gcc/avr/4.6.2/avr5\libgcc.a(_exit.o)
 *(.fini0)
                0x00005f60                _etext = .

.data           0x00800100      0x2e2 load address 0x00005f60
                0x00800100                PROVIDE (__data_start, .)
 *(.data)
 .data          0x00800100       0x52 IRSystem.o
 .data          0x00800152       0x20 SoftwareSerial.o
                0x00800152                vtable for SoftwareSerial
                0x00800162                vtable for Stream
 .data          0x00800172        0x7 StringW.o
 .data          0x00800179      0x1ae WiFlyRNXV.o
 .data          0x00800327       0xa3 WiRed.o
                0x008003c9                state
 .data          0x008003ca        0x1 ../../ArduinoCore\libcore.a(WString.cpp.o)
 .data          0x008003cb        0x6 c:/program files (x86)/atmel/atmel studio 6.0/extensions/atmel/avrgcc/3.4.0.65/avrtoolchain/bin/../lib/gcc/avr/4.6.2/../../../../avr/lib/avr5\libc.a(malloc.o)
                0x008003cb                __malloc_heap_end
                0x008003cd                __malloc_heap_start
                0x008003cf                __malloc_margin
 *(.data*)
 *(.rodata)
 *(.rodata*)
 .rodata._ZTV14HardwareSerial
                0x008003d1       0x10 ../../ArduinoCore\libcore.a(HardwareSerial.cpp.o)
                0x008003d1                vtable for HardwareSerial
 *(.gnu.linkonce.d*)
                0x008003e2                . = ALIGN (0x2)
 *fill*         0x008003e1        0x1 00
                0x008003e2                _edata = .
                0x008003e2                PROVIDE (__data_end, .)

.bss            0x008003e2      0x25d
                0x008003e2                PROVIDE (__bss_start, .)
 *(.bss)
 .bss           0x008003e2      0x10e IRremote.o
                0x008003e2                irparams
 .bss           0x008004f0        0x5 LEDTimer.o
                0x008004f0                LEDFlasher
 .bss           0x008004f5       0x44 SoftwareSerial.o
                0x008004f5                SoftwareSerial::_receive_buffer_head
                0x008004f6                SoftwareSerial::_receive_buffer_tail
                0x008004f7                SoftwareSerial::_receive_buffer
                0x00800537                SoftwareSerial::active_object
 .bss           0x00800539        0x6 TimerOne.o
                0x00800539                Timer1
 .bss           0x0080053f       0x47 WiRed.o
                0x0080053f                adhocsetbefore
                0x00800540                interrupted
                0x00800541                connected
                0x00800542                wiFly
 *(.bss*)
 .bss.intFunc   0x00800586        0x4 ../../ArduinoCore\libcore.a(WInterrupts.c.o)
 .bss.timer0_overflow_count
                0x0080058a        0x4 ../../ArduinoCore\libcore.a(wiring.c.o)
                0x0080058a                timer0_overflow_count
 .bss.timer0_millis
                0x0080058e        0x4 ../../ArduinoCore\libcore.a(wiring.c.o)
                0x0080058e                timer0_millis
 .bss.timer0_fract
                0x00800592        0x1 ../../ArduinoCore\libcore.a(wiring.c.o)
 .bss.rx_buffer
                0x00800593       0x44 ../../ArduinoCore\libcore.a(HardwareSerial.cpp.o)
                0x00800593                rx_buffer
 .bss.tx_buffer
                0x008005d7       0x44 ../../ArduinoCore\libcore.a(HardwareSerial.cpp.o)
                0x008005d7                tx_buffer
 .bss.Serial    0x0080061b       0x1f ../../ArduinoCore\libcore.a(HardwareSerial.cpp.o)
                0x0080061b                Serial
 .bss._ZZN6StringixEjE19dummy_writable_char
                0x0080063a        0x1 ../../ArduinoCore\libcore.a(WString.cpp.o)
 *(COMMON)
 COMMON         0x0080063b        0x4 c:/program files (x86)/atmel/atmel studio 6.0/extensions/atmel/avrgcc/3.4.0.65/avrtoolchain/bin/../lib/gcc/avr/4.6.2/../../../../avr/lib/avr5\libc.a(malloc.o)
                0x0080063b                __brkval
                0x0080063d                __flp
                0x0080063f                PROVIDE (__bss_end, .)
                0x00005f60                __data_load_start = LOADADDR (.data)
                0x00006242                __data_load_end = (__data_load_start + SIZEOF (.data))

.noinit         0x0080063f        0x0
                0x0080063f                PROVIDE (__noinit_start, .)
 *(.noinit*)
                0x0080063f                PROVIDE (__noinit_end, .)
                0x0080063f                _end = .
                0x0080063f                PROVIDE (__heap_start, .)

.eeprom         0x00810000        0x0
 *(.eeprom*)
                0x00810000                __eeprom_end = .

.fuse
 *(.fuse)
 *(.lfuse)
 *(.hfuse)
 *(.efuse)

.lock
 *(.lock*)

.signature
 *(.signature*)

.stab           0x00000000     0x3108
 *(.stab)
 .stab          0x00000000      0x6cc c:/program files (x86)/atmel/atmel studio 6.0/extensions/atmel/avrgcc/3.4.0.65/avrtoolchain/bin/../lib/gcc/avr/4.6.2/../../../../avr/lib/avr5/crtm328p.o
 .stab          0x000006cc       0x78 c:/program files (x86)/atmel/atmel studio 6.0/extensions/atmel/avrgcc/3.4.0.65/avrtoolchain/bin/../lib/gcc/avr/4.6.2/../../../../avr/lib/avr5\libm.a(addsf3.o)
                                 0x84 (size before relaxing)
 .stab          0x00000744      0x4bc c:/program files (x86)/atmel/atmel studio 6.0/extensions/atmel/avrgcc/3.4.0.65/avrtoolchain/bin/../lib/gcc/avr/4.6.2/../../../../avr/lib/avr5\libm.a(addsf3x.o)
                                0x4c8 (size before relaxing)
 .stab          0x00000c00       0x90 c:/program files (x86)/atmel/atmel studio 6.0/extensions/atmel/avrgcc/3.4.0.65/avrtoolchain/bin/../lib/gcc/avr/4.6.2/../../../../avr/lib/avr5\libm.a(cmpsf2.o)
                                 0x9c (size before relaxing)
 .stab          0x00000c90       0x48 c:/program files (x86)/atmel/atmel studio 6.0/extensions/atmel/avrgcc/3.4.0.65/avrtoolchain/bin/../lib/gcc/avr/4.6.2/../../../../avr/lib/avr5\libm.a(divsf3.o)
                                 0x54 (size before relaxing)
 .stab          0x00000cd8      0x510 c:/program files (x86)/atmel/atmel studio 6.0/extensions/atmel/avrgcc/3.4.0.65/avrtoolchain/bin/../lib/gcc/avr/4.6.2/../../../../avr/lib/avr5\libm.a(divsf3x.o)
                                0x51c (size before relaxing)
 .stab          0x000011e8       0x6c c:/program files (x86)/atmel/atmel studio 6.0/extensions/atmel/avrgcc/3.4.0.65/avrtoolchain/bin/../lib/gcc/avr/4.6.2/../../../../avr/lib/avr5\libm.a(fixsfsi.o)
                                 0x78 (size before relaxing)
 .stab          0x00001254      0x240 c:/program files (x86)/atmel/atmel studio 6.0/extensions/atmel/avrgcc/3.4.0.65/avrtoolchain/bin/../lib/gcc/avr/4.6.2/../../../../avr/lib/avr5\libm.a(fixunssfsi.o)
                                0x24c (size before relaxing)
 .stab          0x00001494      0x318 c:/program files (x86)/atmel/atmel studio 6.0/extensions/atmel/avrgcc/3.4.0.65/avrtoolchain/bin/../lib/gcc/avr/4.6.2/../../../../avr/lib/avr5\libm.a(floatsisf.o)
                                0x324 (size before relaxing)
 .stab          0x000017ac      0x1e0 c:/program files (x86)/atmel/atmel studio 6.0/extensions/atmel/avrgcc/3.4.0.65/avrtoolchain/bin/../lib/gcc/avr/4.6.2/../../../../avr/lib/avr5\libm.a(fp_cmp.o)
                                0x1ec (size before relaxing)
 .stab          0x0000198c       0x78 c:/program files (x86)/atmel/atmel studio 6.0/extensions/atmel/avrgcc/3.4.0.65/avrtoolchain/bin/../lib/gcc/avr/4.6.2/../../../../avr/lib/avr5\libm.a(fp_inf.o)
                                 0x84 (size before relaxing)
 .stab          0x00001a04       0x54 c:/program files (x86)/atmel/atmel studio 6.0/extensions/atmel/avrgcc/3.4.0.65/avrtoolchain/bin/../lib/gcc/avr/4.6.2/../../../../avr/lib/avr5\libm.a(fp_nan.o)
                                 0x60 (size before relaxing)
 .stab          0x00001a58       0x84 c:/program files (x86)/atmel/atmel studio 6.0/extensions/atmel/avrgcc/3.4.0.65/avrtoolchain/bin/../lib/gcc/avr/4.6.2/../../../../avr/lib/avr5\libm.a(fp_pscA.o)
                                 0x90 (size before relaxing)
 .stab          0x00001adc       0x84 c:/program files (x86)/atmel/atmel studio 6.0/extensions/atmel/avrgcc/3.4.0.65/avrtoolchain/bin/../lib/gcc/avr/4.6.2/../../../../avr/lib/avr5\libm.a(fp_pscB.o)
                                 0x90 (size before relaxing)
 .stab          0x00001b60       0xfc c:/program files (x86)/atmel/atmel studio 6.0/extensions/atmel/avrgcc/3.4.0.65/avrtoolchain/bin/../lib/gcc/avr/4.6.2/../../../../avr/lib/avr5\libm.a(fp_round.o)
                                0x108 (size before relaxing)
 .stab          0x00001c5c      0x1d4 c:/program files (x86)/atmel/atmel studio 6.0/extensions/atmel/avrgcc/3.4.0.65/avrtoolchain/bin/../lib/gcc/avr/4.6.2/../../../../avr/lib/avr5\libm.a(fp_split3.o)
                                0x1e0 (size before relaxing)
 .stab          0x00001e30       0x90 c:/program files (x86)/atmel/atmel studio 6.0/extensions/atmel/avrgcc/3.4.0.65/avrtoolchain/bin/../lib/gcc/avr/4.6.2/../../../../avr/lib/avr5\libm.a(fp_zero.o)
                                 0x9c (size before relaxing)
 .stab          0x00001ec0       0x48 c:/program files (x86)/atmel/atmel studio 6.0/extensions/atmel/avrgcc/3.4.0.65/avrtoolchain/bin/../lib/gcc/avr/4.6.2/../../../../avr/lib/avr5\libm.a(mulsf3.o)
                                 0x54 (size before relaxing)
 .stab          0x00001f08      0x4d4 c:/program files (x86)/atmel/atmel studio 6.0/extensions/atmel/avrgcc/3.4.0.65/avrtoolchain/bin/../lib/gcc/avr/4.6.2/../../../../avr/lib/avr5\libm.a(mulsf3x.o)
                                0x4e0 (size before relaxing)
 .stab          0x000023dc      0x1e0 c:/program files (x86)/atmel/atmel studio 6.0/extensions/atmel/avrgcc/3.4.0.65/avrtoolchain/bin/../lib/gcc/avr/4.6.2/../../../../avr/lib/avr5\libc.a(atol.o)
                                0x1ec (size before relaxing)
 .stab          0x000025bc       0x9c c:/program files (x86)/atmel/atmel studio 6.0/extensions/atmel/avrgcc/3.4.0.65/avrtoolchain/bin/../lib/gcc/avr/4.6.2/../../../../avr/lib/avr5\libc.a(isspace.o)
                                 0xa8 (size before relaxing)
 .stab          0x00002658       0x84 c:/program files (x86)/atmel/atmel studio 6.0/extensions/atmel/avrgcc/3.4.0.65/avrtoolchain/bin/../lib/gcc/avr/4.6.2/../../../../avr/lib/avr5\libc.a(memcpy.o)
                                 0x90 (size before relaxing)
 .stab          0x000026dc       0xe4 c:/program files (x86)/atmel/atmel studio 6.0/extensions/atmel/avrgcc/3.4.0.65/avrtoolchain/bin/../lib/gcc/avr/4.6.2/../../../../avr/lib/avr5\libc.a(memmove.o)
                                 0xf0 (size before relaxing)
 .stab          0x000027c0       0x84 c:/program files (x86)/atmel/atmel studio 6.0/extensions/atmel/avrgcc/3.4.0.65/avrtoolchain/bin/../lib/gcc/avr/4.6.2/../../../../avr/lib/avr5\libc.a(strcmp.o)
                                 0x90 (size before relaxing)
 .stab          0x00002844       0x6c c:/program files (x86)/atmel/atmel studio 6.0/extensions/atmel/avrgcc/3.4.0.65/avrtoolchain/bin/../lib/gcc/avr/4.6.2/../../../../avr/lib/avr5\libc.a(strcpy.o)
                                 0x78 (size before relaxing)
 .stab          0x000028b0      0x150 c:/program files (x86)/atmel/atmel studio 6.0/extensions/atmel/avrgcc/3.4.0.65/avrtoolchain/bin/../lib/gcc/avr/4.6.2/../../../../avr/lib/avr5\libc.a(strstr.o)
                                0x15c (size before relaxing)
 .stab          0x00002a00      0x1b0 c:/program files (x86)/atmel/atmel studio 6.0/extensions/atmel/avrgcc/3.4.0.65/avrtoolchain/bin/../lib/gcc/avr/4.6.2/../../../../avr/lib/avr5\libc.a(itoa.o)
                                0x1bc (size before relaxing)
 .stab          0x00002bb0      0x114 c:/program files (x86)/atmel/atmel studio 6.0/extensions/atmel/avrgcc/3.4.0.65/avrtoolchain/bin/../lib/gcc/avr/4.6.2/../../../../avr/lib/avr5\libc.a(mulsi10.o)
                                0x120 (size before relaxing)
 .stab          0x00002cc4      0x1e0 c:/program files (x86)/atmel/atmel studio 6.0/extensions/atmel/avrgcc/3.4.0.65/avrtoolchain/bin/../lib/gcc/avr/4.6.2/../../../../avr/lib/avr5\libc.a(ultoa.o)
                                0x1ec (size before relaxing)
 .stab          0x00002ea4      0x12c c:/program files (x86)/atmel/atmel studio 6.0/extensions/atmel/avrgcc/3.4.0.65/avrtoolchain/bin/../lib/gcc/avr/4.6.2/../../../../avr/lib/avr5\libc.a(utoa.o)
                                0x138 (size before relaxing)
 .stab          0x00002fd0       0x60 c:/program files (x86)/atmel/atmel studio 6.0/extensions/atmel/avrgcc/3.4.0.65/avrtoolchain/bin/../lib/gcc/avr/4.6.2/../../../../avr/lib/avr5\libc.a(cty_isfalse.o)
                                 0x6c (size before relaxing)
 .stab          0x00003030       0xd8 c:/program files (x86)/atmel/atmel studio 6.0/extensions/atmel/avrgcc/3.4.0.65/avrtoolchain/bin/../lib/gcc/avr/4.6.2/../../../../avr/lib/avr5\libc.a(strrev.o)
                                 0xe4 (size before relaxing)

.stabstr        0x00000000      0xe62
 *(.stabstr)
 .stabstr       0x00000000      0xe62 c:/program files (x86)/atmel/atmel studio 6.0/extensions/atmel/avrgcc/3.4.0.65/avrtoolchain/bin/../lib/gcc/avr/4.6.2/../../../../avr/lib/avr5/crtm328p.o

.stab.excl
 *(.stab.excl)

.stab.exclstr
 *(.stab.exclstr)

.stab.index
 *(.stab.index)

.stab.indexstr
 *(.stab.indexstr)

.comment
 *(.comment)

.debug
 *(.debug)

.line
 *(.line)

.debug_srcinfo
 *(.debug_srcinfo)

.debug_sfnames
 *(.debug_sfnames)

.debug_aranges  0x00000000      0xb90
 *(.debug_aranges)
 .debug_aranges
                0x00000000      0x120 IRremote.o
 .debug_aranges
                0x00000120       0x40 IRSystem.o
 .debug_aranges
                0x00000160       0x58 LEDTimer.o
 .debug_aranges
                0x000001b8       0x28 MemoryFree.o
 .debug_aranges
                0x000001e0       0xb8 SoftwareSerial.o
 .debug_aranges
                0x00000298       0x38 StringW.o
 .debug_aranges
                0x000002d0       0x80 TimerOne.o
 .debug_aranges
                0x00000350       0xb0 WiFlyRNXV.o
 .debug_aranges
                0x00000400       0x50 WiRed.o
 .debug_aranges
                0x00000450       0x38 ../../ArduinoCore\libcore.a(WInterrupts.c.o)
 .debug_aranges
                0x00000488       0x48 ../../ArduinoCore\libcore.a(wiring.c.o)
 .debug_aranges
                0x000004d0       0x30 ../../ArduinoCore\libcore.a(wiring_digital.c.o)
 .debug_aranges
                0x00000500       0x90 ../../ArduinoCore\libcore.a(HardwareSerial.cpp.o)
 .debug_aranges
                0x00000590       0x20 ../../ArduinoCore\libcore.a(main.cpp.o)
 .debug_aranges
                0x000005b0       0x48 ../../ArduinoCore\libcore.a(new.cpp.o)
 .debug_aranges
                0x000005f8       0xf0 ../../ArduinoCore\libcore.a(Print.cpp.o)
 .debug_aranges
                0x000006e8      0x260 ../../ArduinoCore\libcore.a(WString.cpp.o)
 .debug_aranges
                0x00000948       0x20 c:/program files (x86)/atmel/atmel studio 6.0/extensions/atmel/avrgcc/3.4.0.65/avrtoolchain/bin/../lib/gcc/avr/4.6.2/avr5\libgcc.a(_mulsi3.o)
 .debug_aranges
                0x00000968       0x20 c:/program files (x86)/atmel/atmel studio 6.0/extensions/atmel/avrgcc/3.4.0.65/avrtoolchain/bin/../lib/gcc/avr/4.6.2/avr5\libgcc.a(_udivmodqi4.o)
 .debug_aranges
                0x00000988       0x20 c:/program files (x86)/atmel/atmel studio 6.0/extensions/atmel/avrgcc/3.4.0.65/avrtoolchain/bin/../lib/gcc/avr/4.6.2/avr5\libgcc.a(_divmodhi4.o)
 .debug_aranges
                0x000009a8       0x20 c:/program files (x86)/atmel/atmel studio 6.0/extensions/atmel/avrgcc/3.4.0.65/avrtoolchain/bin/../lib/gcc/avr/4.6.2/avr5\libgcc.a(_udivmodsi4.o)
 .debug_aranges
                0x000009c8       0x20 c:/program files (x86)/atmel/atmel studio 6.0/extensions/atmel/avrgcc/3.4.0.65/avrtoolchain/bin/../lib/gcc/avr/4.6.2/avr5\libgcc.a(_divmodsi4.o)
 .debug_aranges
                0x000009e8       0x20 c:/program files (x86)/atmel/atmel studio 6.0/extensions/atmel/avrgcc/3.4.0.65/avrtoolchain/bin/../lib/gcc/avr/4.6.2/avr5\libgcc.a(_exit.o)
 .debug_aranges
                0x00000a08       0x20 c:/program files (x86)/atmel/atmel studio 6.0/extensions/atmel/avrgcc/3.4.0.65/avrtoolchain/bin/../lib/gcc/avr/4.6.2/avr5\libgcc.a(_copy_data.o)
 .debug_aranges
                0x00000a28       0x20 c:/program files (x86)/atmel/atmel studio 6.0/extensions/atmel/avrgcc/3.4.0.65/avrtoolchain/bin/../lib/gcc/avr/4.6.2/avr5\libgcc.a(_clear_bss.o)
 .debug_aranges
                0x00000a48       0x20 c:/program files (x86)/atmel/atmel studio 6.0/extensions/atmel/avrgcc/3.4.0.65/avrtoolchain/bin/../lib/gcc/avr/4.6.2/avr5\libgcc.a(_ctors.o)
 .debug_aranges
                0x00000a68       0x20 c:/program files (x86)/atmel/atmel studio 6.0/extensions/atmel/avrgcc/3.4.0.65/avrtoolchain/bin/../lib/gcc/avr/4.6.2/avr5\libgcc.a(_dtors.o)
 .debug_aranges
                0x00000a88       0x20 c:/program files (x86)/atmel/atmel studio 6.0/extensions/atmel/avrgcc/3.4.0.65/avrtoolchain/bin/../lib/gcc/avr/4.6.2/avr5\libgcc.a(_lshrdi3.o)
 .debug_aranges
                0x00000aa8       0x20 c:/program files (x86)/atmel/atmel studio 6.0/extensions/atmel/avrgcc/3.4.0.65/avrtoolchain/bin/../lib/gcc/avr/4.6.2/avr5\libgcc.a(_ashldi3.o)
 .debug_aranges
                0x00000ac8       0x20 c:/program files (x86)/atmel/atmel studio 6.0/extensions/atmel/avrgcc/3.4.0.65/avrtoolchain/bin/../lib/gcc/avr/4.6.2/avr5\libgcc.a(_udivmodhi4.o)
 .debug_aranges
                0x00000ae8       0x20 c:/program files (x86)/atmel/atmel studio 6.0/extensions/atmel/avrgcc/3.4.0.65/avrtoolchain/bin/../lib/gcc/avr/4.6.2/avr5\libgcc.a(_tablejump.o)
 .debug_aranges
                0x00000b08       0x28 c:/program files (x86)/atmel/atmel studio 6.0/extensions/atmel/avrgcc/3.4.0.65/avrtoolchain/bin/../lib/gcc/avr/4.6.2/../../../../avr/lib/avr5\libc.a(malloc.o)
 .debug_aranges
                0x00000b30       0x20 c:/program files (x86)/atmel/atmel studio 6.0/extensions/atmel/avrgcc/3.4.0.65/avrtoolchain/bin/../lib/gcc/avr/4.6.2/../../../../avr/lib/avr5\libc.a(realloc.o)
 .debug_aranges
                0x00000b50       0x20 c:/program files (x86)/atmel/atmel studio 6.0/extensions/atmel/avrgcc/3.4.0.65/avrtoolchain/bin/../lib/gcc/avr/4.6.2/avr5\libgcc.a(_prologue.o)
 .debug_aranges
                0x00000b70       0x20 c:/program files (x86)/atmel/atmel studio 6.0/extensions/atmel/avrgcc/3.4.0.65/avrtoolchain/bin/../lib/gcc/avr/4.6.2/avr5\libgcc.a(_epilogue.o)

.debug_pubnames
                0x00000000      0xbc7
 *(.debug_pubnames)
 .debug_pubnames
                0x00000000       0x58 ../../ArduinoCore\libcore.a(WInterrupts.c.o)
 .debug_pubnames
                0x00000058       0x8d ../../ArduinoCore\libcore.a(wiring.c.o)
 .debug_pubnames
                0x000000e5       0xda ../../ArduinoCore\libcore.a(wiring_digital.c.o)
 .debug_pubnames
                0x000001bf      0x19a ../../ArduinoCore\libcore.a(HardwareSerial.cpp.o)
 .debug_pubnames
                0x00000359       0x1b ../../ArduinoCore\libcore.a(main.cpp.o)
 .debug_pubnames
                0x00000374       0x94 ../../ArduinoCore\libcore.a(new.cpp.o)
 .debug_pubnames
                0x00000408      0x200 ../../ArduinoCore\libcore.a(Print.cpp.o)
 .debug_pubnames
                0x00000608      0x5bf ../../ArduinoCore\libcore.a(WString.cpp.o)

.debug_info     0x00000000    0x117a9
 *(.debug_info)
 .debug_info    0x00000000     0x13b5 IRremote.o
 .debug_info    0x000013b5     0x18c0 IRSystem.o
 .debug_info    0x00002c75      0x62a LEDTimer.o
 .debug_info    0x0000329f      0x218 MemoryFree.o
 .debug_info    0x000034b7     0x1e9a SoftwareSerial.o
 .debug_info    0x00005351      0xebd StringW.o
 .debug_info    0x0000620e      0x579 TimerOne.o
 .debug_info    0x00006787     0x2178 WiFlyRNXV.o
 .debug_info    0x000088ff     0x1a39 WiRed.o
 .debug_info    0x0000a338      0x1fe ../../ArduinoCore\libcore.a(WInterrupts.c.o)
 .debug_info    0x0000a536      0x31c ../../ArduinoCore\libcore.a(wiring.c.o)
 .debug_info    0x0000a852      0x592 ../../ArduinoCore\libcore.a(wiring_digital.c.o)
 .debug_info    0x0000ade4     0x1775 ../../ArduinoCore\libcore.a(HardwareSerial.cpp.o)
 .debug_info    0x0000c559      0x14b ../../ArduinoCore\libcore.a(main.cpp.o)
 .debug_info    0x0000c6a4      0x13b ../../ArduinoCore\libcore.a(new.cpp.o)
 .debug_info    0x0000c7df     0x1a77 ../../ArduinoCore\libcore.a(Print.cpp.o)
 .debug_info    0x0000e256     0x21c5 ../../ArduinoCore\libcore.a(WString.cpp.o)
 .debug_info    0x0001041b       0xdd c:/program files (x86)/atmel/atmel studio 6.0/extensions/atmel/avrgcc/3.4.0.65/avrtoolchain/bin/../lib/gcc/avr/4.6.2/avr5\libgcc.a(_mulsi3.o)
 .debug_info    0x000104f8       0xdd c:/program files (x86)/atmel/atmel studio 6.0/extensions/atmel/avrgcc/3.4.0.65/avrtoolchain/bin/../lib/gcc/avr/4.6.2/avr5\libgcc.a(_udivmodqi4.o)
 .debug_info    0x000105d5       0xdd c:/program files (x86)/atmel/atmel studio 6.0/extensions/atmel/avrgcc/3.4.0.65/avrtoolchain/bin/../lib/gcc/avr/4.6.2/avr5\libgcc.a(_divmodhi4.o)
 .debug_info    0x000106b2       0xdd c:/program files (x86)/atmel/atmel studio 6.0/extensions/atmel/avrgcc/3.4.0.65/avrtoolchain/bin/../lib/gcc/avr/4.6.2/avr5\libgcc.a(_udivmodsi4.o)
 .debug_info    0x0001078f       0xdd c:/program files (x86)/atmel/atmel studio 6.0/extensions/atmel/avrgcc/3.4.0.65/avrtoolchain/bin/../lib/gcc/avr/4.6.2/avr5\libgcc.a(_divmodsi4.o)
 .debug_info    0x0001086c       0xdd c:/program files (x86)/atmel/atmel studio 6.0/extensions/atmel/avrgcc/3.4.0.65/avrtoolchain/bin/../lib/gcc/avr/4.6.2/avr5\libgcc.a(_exit.o)
 .debug_info    0x00010949       0xdd c:/program files (x86)/atmel/atmel studio 6.0/extensions/atmel/avrgcc/3.4.0.65/avrtoolchain/bin/../lib/gcc/avr/4.6.2/avr5\libgcc.a(_copy_data.o)
 .debug_info    0x00010a26       0xdd c:/program files (x86)/atmel/atmel studio 6.0/extensions/atmel/avrgcc/3.4.0.65/avrtoolchain/bin/../lib/gcc/avr/4.6.2/avr5\libgcc.a(_clear_bss.o)
 .debug_info    0x00010b03       0xdd c:/program files (x86)/atmel/atmel studio 6.0/extensions/atmel/avrgcc/3.4.0.65/avrtoolchain/bin/../lib/gcc/avr/4.6.2/avr5\libgcc.a(_ctors.o)
 .debug_info    0x00010be0       0xdd c:/program files (x86)/atmel/atmel studio 6.0/extensions/atmel/avrgcc/3.4.0.65/avrtoolchain/bin/../lib/gcc/avr/4.6.2/avr5\libgcc.a(_dtors.o)
 .debug_info    0x00010cbd      0x184 c:/program files (x86)/atmel/atmel studio 6.0/extensions/atmel/avrgcc/3.4.0.65/avrtoolchain/bin/../lib/gcc/avr/4.6.2/avr5\libgcc.a(_lshrdi3.o)
 .debug_info    0x00010e41      0x184 c:/program files (x86)/atmel/atmel studio 6.0/extensions/atmel/avrgcc/3.4.0.65/avrtoolchain/bin/../lib/gcc/avr/4.6.2/avr5\libgcc.a(_ashldi3.o)
 .debug_info    0x00010fc5       0xdd c:/program files (x86)/atmel/atmel studio 6.0/extensions/atmel/avrgcc/3.4.0.65/avrtoolchain/bin/../lib/gcc/avr/4.6.2/avr5\libgcc.a(_udivmodhi4.o)
 .debug_info    0x000110a2       0xdd c:/program files (x86)/atmel/atmel studio 6.0/extensions/atmel/avrgcc/3.4.0.65/avrtoolchain/bin/../lib/gcc/avr/4.6.2/avr5\libgcc.a(_tablejump.o)
 .debug_info    0x0001117f      0x296 c:/program files (x86)/atmel/atmel studio 6.0/extensions/atmel/avrgcc/3.4.0.65/avrtoolchain/bin/../lib/gcc/avr/4.6.2/../../../../avr/lib/avr5\libc.a(malloc.o)
 .debug_info    0x00011415      0x1da c:/program files (x86)/atmel/atmel studio 6.0/extensions/atmel/avrgcc/3.4.0.65/avrtoolchain/bin/../lib/gcc/avr/4.6.2/../../../../avr/lib/avr5\libc.a(realloc.o)
 .debug_info    0x000115ef       0xdd c:/program files (x86)/atmel/atmel studio 6.0/extensions/atmel/avrgcc/3.4.0.65/avrtoolchain/bin/../lib/gcc/avr/4.6.2/avr5\libgcc.a(_prologue.o)
 .debug_info    0x000116cc       0xdd c:/program files (x86)/atmel/atmel studio 6.0/extensions/atmel/avrgcc/3.4.0.65/avrtoolchain/bin/../lib/gcc/avr/4.6.2/avr5\libgcc.a(_epilogue.o)
 *(.gnu.linkonce.wi.*)

.debug_abbrev   0x00000000     0x2dc3
 *(.debug_abbrev)
 .debug_abbrev  0x00000000      0x352 IRremote.o
 .debug_abbrev  0x00000352      0x2f4 IRSystem.o
 .debug_abbrev  0x00000646      0x189 LEDTimer.o
 .debug_abbrev  0x000007cf       0xe6 MemoryFree.o
 .debug_abbrev  0x000008b5      0x52d SoftwareSerial.o
 .debug_abbrev  0x00000de2      0x2a3 StringW.o
 .debug_abbrev  0x00001085      0x185 TimerOne.o
 .debug_abbrev  0x0000120a      0x3b8 WiFlyRNXV.o
 .debug_abbrev  0x000015c2      0x364 WiRed.o
 .debug_abbrev  0x00001926       0xe7 ../../ArduinoCore\libcore.a(WInterrupts.c.o)
 .debug_abbrev  0x00001a0d      0x17d ../../ArduinoCore\libcore.a(wiring.c.o)
 .debug_abbrev  0x00001b8a      0x177 ../../ArduinoCore\libcore.a(wiring_digital.c.o)
 .debug_abbrev  0x00001d01      0x438 ../../ArduinoCore\libcore.a(HardwareSerial.cpp.o)
 .debug_abbrev  0x00002139       0x7a ../../ArduinoCore\libcore.a(main.cpp.o)
 .debug_abbrev  0x000021b3       0xdd ../../ArduinoCore\libcore.a(new.cpp.o)
 .debug_abbrev  0x00002290      0x336 ../../ArduinoCore\libcore.a(Print.cpp.o)
 .debug_abbrev  0x000025c6      0x343 ../../ArduinoCore\libcore.a(WString.cpp.o)
 .debug_abbrev  0x00002909       0x14 c:/program files (x86)/atmel/atmel studio 6.0/extensions/atmel/avrgcc/3.4.0.65/avrtoolchain/bin/../lib/gcc/avr/4.6.2/avr5\libgcc.a(_mulsi3.o)
 .debug_abbrev  0x0000291d       0x14 c:/program files (x86)/atmel/atmel studio 6.0/extensions/atmel/avrgcc/3.4.0.65/avrtoolchain/bin/../lib/gcc/avr/4.6.2/avr5\libgcc.a(_udivmodqi4.o)
 .debug_abbrev  0x00002931       0x14 c:/program files (x86)/atmel/atmel studio 6.0/extensions/atmel/avrgcc/3.4.0.65/avrtoolchain/bin/../lib/gcc/avr/4.6.2/avr5\libgcc.a(_divmodhi4.o)
 .debug_abbrev  0x00002945       0x14 c:/program files (x86)/atmel/atmel studio 6.0/extensions/atmel/avrgcc/3.4.0.65/avrtoolchain/bin/../lib/gcc/avr/4.6.2/avr5\libgcc.a(_udivmodsi4.o)
 .debug_abbrev  0x00002959       0x14 c:/program files (x86)/atmel/atmel studio 6.0/extensions/atmel/avrgcc/3.4.0.65/avrtoolchain/bin/../lib/gcc/avr/4.6.2/avr5\libgcc.a(_divmodsi4.o)
 .debug_abbrev  0x0000296d       0x14 c:/program files (x86)/atmel/atmel studio 6.0/extensions/atmel/avrgcc/3.4.0.65/avrtoolchain/bin/../lib/gcc/avr/4.6.2/avr5\libgcc.a(_exit.o)
 .debug_abbrev  0x00002981       0x14 c:/program files (x86)/atmel/atmel studio 6.0/extensions/atmel/avrgcc/3.4.0.65/avrtoolchain/bin/../lib/gcc/avr/4.6.2/avr5\libgcc.a(_copy_data.o)
 .debug_abbrev  0x00002995       0x14 c:/program files (x86)/atmel/atmel studio 6.0/extensions/atmel/avrgcc/3.4.0.65/avrtoolchain/bin/../lib/gcc/avr/4.6.2/avr5\libgcc.a(_clear_bss.o)
 .debug_abbrev  0x000029a9       0x14 c:/program files (x86)/atmel/atmel studio 6.0/extensions/atmel/avrgcc/3.4.0.65/avrtoolchain/bin/../lib/gcc/avr/4.6.2/avr5\libgcc.a(_ctors.o)
 .debug_abbrev  0x000029bd       0x14 c:/program files (x86)/atmel/atmel studio 6.0/extensions/atmel/avrgcc/3.4.0.65/avrtoolchain/bin/../lib/gcc/avr/4.6.2/avr5\libgcc.a(_dtors.o)
 .debug_abbrev  0x000029d1       0xf0 c:/program files (x86)/atmel/atmel studio 6.0/extensions/atmel/avrgcc/3.4.0.65/avrtoolchain/bin/../lib/gcc/avr/4.6.2/avr5\libgcc.a(_lshrdi3.o)
 .debug_abbrev  0x00002ac1       0xf0 c:/program files (x86)/atmel/atmel studio 6.0/extensions/atmel/avrgcc/3.4.0.65/avrtoolchain/bin/../lib/gcc/avr/4.6.2/avr5\libgcc.a(_ashldi3.o)
 .debug_abbrev  0x00002bb1       0x14 c:/program files (x86)/atmel/atmel studio 6.0/extensions/atmel/avrgcc/3.4.0.65/avrtoolchain/bin/../lib/gcc/avr/4.6.2/avr5\libgcc.a(_udivmodhi4.o)
 .debug_abbrev  0x00002bc5       0x14 c:/program files (x86)/atmel/atmel studio 6.0/extensions/atmel/avrgcc/3.4.0.65/avrtoolchain/bin/../lib/gcc/avr/4.6.2/avr5\libgcc.a(_tablejump.o)
 .debug_abbrev  0x00002bd9       0xf5 c:/program files (x86)/atmel/atmel studio 6.0/extensions/atmel/avrgcc/3.4.0.65/avrtoolchain/bin/../lib/gcc/avr/4.6.2/../../../../avr/lib/avr5\libc.a(malloc.o)
 .debug_abbrev  0x00002cce       0xcd c:/program files (x86)/atmel/atmel studio 6.0/extensions/atmel/avrgcc/3.4.0.65/avrtoolchain/bin/../lib/gcc/avr/4.6.2/../../../../avr/lib/avr5\libc.a(realloc.o)
 .debug_abbrev  0x00002d9b       0x14 c:/program files (x86)/atmel/atmel studio 6.0/extensions/atmel/avrgcc/3.4.0.65/avrtoolchain/bin/../lib/gcc/avr/4.6.2/avr5\libgcc.a(_prologue.o)
 .debug_abbrev  0x00002daf       0x14 c:/program files (x86)/atmel/atmel studio 6.0/extensions/atmel/avrgcc/3.4.0.65/avrtoolchain/bin/../lib/gcc/avr/4.6.2/avr5\libgcc.a(_epilogue.o)

.debug_line     0x00000000     0x53d6
 *(.debug_line)
 .debug_line    0x00000000      0x6c1 IRremote.o
 .debug_line    0x000006c1      0x2ee IRSystem.o
 .debug_line    0x000009af      0x1fe LEDTimer.o
 .debug_line    0x00000bad      0x1b4 MemoryFree.o
 .debug_line    0x00000d61      0x451 SoftwareSerial.o
 .debug_line    0x000011b2      0x1c8 StringW.o
 .debug_line    0x0000137a      0x1fc TimerOne.o
 .debug_line    0x00001576      0x4ac WiFlyRNXV.o
 .debug_line    0x00001a22      0x268 WiRed.o
 .debug_line    0x00001c8a      0x236 ../../ArduinoCore\libcore.a(WInterrupts.c.o)
 .debug_line    0x00001ec0      0x38d ../../ArduinoCore\libcore.a(wiring.c.o)
 .debug_line    0x0000224d      0x301 ../../ArduinoCore\libcore.a(wiring_digital.c.o)
 .debug_line    0x0000254e      0x664 ../../ArduinoCore\libcore.a(HardwareSerial.cpp.o)
 .debug_line    0x00002bb2      0x147 ../../ArduinoCore\libcore.a(main.cpp.o)
 .debug_line    0x00002cf9      0x1b2 ../../ArduinoCore\libcore.a(new.cpp.o)
 .debug_line    0x00002eab      0x6f9 ../../ArduinoCore\libcore.a(Print.cpp.o)
 .debug_line    0x000035a4     0x1136 ../../ArduinoCore\libcore.a(WString.cpp.o)
 .debug_line    0x000046da       0xa5 c:/program files (x86)/atmel/atmel studio 6.0/extensions/atmel/avrgcc/3.4.0.65/avrtoolchain/bin/../lib/gcc/avr/4.6.2/avr5\libgcc.a(_mulsi3.o)
 .debug_line    0x0000477f       0x92 c:/program files (x86)/atmel/atmel studio 6.0/extensions/atmel/avrgcc/3.4.0.65/avrtoolchain/bin/../lib/gcc/avr/4.6.2/avr5\libgcc.a(_udivmodqi4.o)
 .debug_line    0x00004811       0x99 c:/program files (x86)/atmel/atmel studio 6.0/extensions/atmel/avrgcc/3.4.0.65/avrtoolchain/bin/../lib/gcc/avr/4.6.2/avr5\libgcc.a(_divmodhi4.o)
 .debug_line    0x000048aa       0xa8 c:/program files (x86)/atmel/atmel studio 6.0/extensions/atmel/avrgcc/3.4.0.65/avrtoolchain/bin/../lib/gcc/avr/4.6.2/avr5\libgcc.a(_udivmodsi4.o)
 .debug_line    0x00004952       0xa1 c:/program files (x86)/atmel/atmel studio 6.0/extensions/atmel/avrgcc/3.4.0.65/avrtoolchain/bin/../lib/gcc/avr/4.6.2/avr5\libgcc.a(_divmodsi4.o)
 .debug_line    0x000049f3       0x88 c:/program files (x86)/atmel/atmel studio 6.0/extensions/atmel/avrgcc/3.4.0.65/avrtoolchain/bin/../lib/gcc/avr/4.6.2/avr5\libgcc.a(_exit.o)
 .debug_line    0x00004a7b       0x91 c:/program files (x86)/atmel/atmel studio 6.0/extensions/atmel/avrgcc/3.4.0.65/avrtoolchain/bin/../lib/gcc/avr/4.6.2/avr5\libgcc.a(_copy_data.o)
 .debug_line    0x00004b0c       0x8e c:/program files (x86)/atmel/atmel studio 6.0/extensions/atmel/avrgcc/3.4.0.65/avrtoolchain/bin/../lib/gcc/avr/4.6.2/avr5\libgcc.a(_clear_bss.o)
 .debug_line    0x00004b9a       0x90 c:/program files (x86)/atmel/atmel studio 6.0/extensions/atmel/avrgcc/3.4.0.65/avrtoolchain/bin/../lib/gcc/avr/4.6.2/avr5\libgcc.a(_ctors.o)
 .debug_line    0x00004c2a       0x90 c:/program files (x86)/atmel/atmel studio 6.0/extensions/atmel/avrgcc/3.4.0.65/avrtoolchain/bin/../lib/gcc/avr/4.6.2/avr5\libgcc.a(_dtors.o)
 .debug_line    0x00004cba       0x97 c:/program files (x86)/atmel/atmel studio 6.0/extensions/atmel/avrgcc/3.4.0.65/avrtoolchain/bin/../lib/gcc/avr/4.6.2/avr5\libgcc.a(_lshrdi3.o)
 .debug_line    0x00004d51       0x97 c:/program files (x86)/atmel/atmel studio 6.0/extensions/atmel/avrgcc/3.4.0.65/avrtoolchain/bin/../lib/gcc/avr/4.6.2/avr5\libgcc.a(_ashldi3.o)
 .debug_line    0x00004de8       0x9a c:/program files (x86)/atmel/atmel studio 6.0/extensions/atmel/avrgcc/3.4.0.65/avrtoolchain/bin/../lib/gcc/avr/4.6.2/avr5\libgcc.a(_udivmodhi4.o)
 .debug_line    0x00004e82       0x8c c:/program files (x86)/atmel/atmel studio 6.0/extensions/atmel/avrgcc/3.4.0.65/avrtoolchain/bin/../lib/gcc/avr/4.6.2/avr5\libgcc.a(_tablejump.o)
 .debug_line    0x00004f0e      0x1d3 c:/program files (x86)/atmel/atmel studio 6.0/extensions/atmel/avrgcc/3.4.0.65/avrtoolchain/bin/../lib/gcc/avr/4.6.2/../../../../avr/lib/avr5\libc.a(malloc.o)
 .debug_line    0x000050e1      0x1b2 c:/program files (x86)/atmel/atmel studio 6.0/extensions/atmel/avrgcc/3.4.0.65/avrtoolchain/bin/../lib/gcc/avr/4.6.2/../../../../avr/lib/avr5\libc.a(realloc.o)
 .debug_line    0x00005293       0xa2 c:/program files (x86)/atmel/atmel studio 6.0/extensions/atmel/avrgcc/3.4.0.65/avrtoolchain/bin/../lib/gcc/avr/4.6.2/avr5\libgcc.a(_prologue.o)
 .debug_line    0x00005335       0xa1 c:/program files (x86)/atmel/atmel studio 6.0/extensions/atmel/avrgcc/3.4.0.65/avrtoolchain/bin/../lib/gcc/avr/4.6.2/avr5\libgcc.a(_epilogue.o)

.debug_frame    0x00000000     0x1d78
 *(.debug_frame)
 .debug_frame   0x00000000      0x76c IRremote.o
 .debug_frame   0x0000076c      0x124 IRSystem.o
 .debug_frame   0x00000890       0xf8 LEDTimer.o
 .debug_frame   0x00000988       0x50 MemoryFree.o
 .debug_frame   0x000009d8      0x2c0 SoftwareSerial.o
 .debug_frame   0x00000c98       0xc8 StringW.o
 .debug_frame   0x00000d60      0x198 TimerOne.o
 .debug_frame   0x00000ef8      0x3c0 WiFlyRNXV.o
 .debug_frame   0x000012b8       0xa4 WiRed.o
 .debug_frame   0x0000135c       0x50 ../../ArduinoCore\libcore.a(WInterrupts.c.o)
 .debug_frame   0x000013ac       0x70 ../../ArduinoCore\libcore.a(wiring.c.o)
 .debug_frame   0x0000141c       0x40 ../../ArduinoCore\libcore.a(wiring_digital.c.o)
 .debug_frame   0x0000145c      0x100 ../../ArduinoCore\libcore.a(HardwareSerial.cpp.o)
 .debug_frame   0x0000155c       0x20 ../../ArduinoCore\libcore.a(main.cpp.o)
 .debug_frame   0x0000157c       0x70 ../../ArduinoCore\libcore.a(new.cpp.o)
 .debug_frame   0x000015ec      0x1c0 ../../ArduinoCore\libcore.a(Print.cpp.o)
 .debug_frame   0x000017ac      0x4a0 ../../ArduinoCore\libcore.a(WString.cpp.o)
 .debug_frame   0x00001c4c       0x4c c:/program files (x86)/atmel/atmel studio 6.0/extensions/atmel/avrgcc/3.4.0.65/avrtoolchain/bin/../lib/gcc/avr/4.6.2/avr5\libgcc.a(_lshrdi3.o)
 .debug_frame   0x00001c98       0x4c c:/program files (x86)/atmel/atmel studio 6.0/extensions/atmel/avrgcc/3.4.0.65/avrtoolchain/bin/../lib/gcc/avr/4.6.2/avr5\libgcc.a(_ashldi3.o)
 .debug_frame   0x00001ce4       0x54 c:/program files (x86)/atmel/atmel studio 6.0/extensions/atmel/avrgcc/3.4.0.65/avrtoolchain/bin/../lib/gcc/avr/4.6.2/../../../../avr/lib/avr5\libc.a(malloc.o)
 .debug_frame   0x00001d38       0x40 c:/program files (x86)/atmel/atmel studio 6.0/extensions/atmel/avrgcc/3.4.0.65/avrtoolchain/bin/../lib/gcc/avr/4.6.2/../../../../avr/lib/avr5\libc.a(realloc.o)

.debug_str      0x00000000     0x2f00
 *(.debug_str)
 .debug_str     0x00000000      0x668 IRremote.o
                                0x6dd (size before relaxing)
 .debug_str     0x00000668      0x9ba IRSystem.o
                                0xf9a (size before relaxing)
 .debug_str     0x00001022      0x20a LEDTimer.o
                                0x425 (size before relaxing)
 .debug_str     0x0000122c       0x86 MemoryFree.o
                                0x160 (size before relaxing)
 .debug_str     0x000012b2      0x817 SoftwareSerial.o
                               0x10db (size before relaxing)
 .debug_str     0x00001ac9       0xa5 StringW.o
                                0x8d4 (size before relaxing)
 .debug_str     0x00001b6e       0x4d TimerOne.o
                                0x2da (size before relaxing)
 .debug_str     0x00001bbb      0x593 WiFlyRNXV.o
                               0x1500 (size before relaxing)
 .debug_str     0x0000214e      0x172 WiRed.o
                               0x1544 (size before relaxing)
 .debug_str     0x000022c0       0x8f ../../ArduinoCore\libcore.a(WInterrupts.c.o)
                                0x139 (size before relaxing)
 .debug_str     0x0000234f       0x8f ../../ArduinoCore\libcore.a(wiring.c.o)
                                0x14e (size before relaxing)
 .debug_str     0x000023de       0x97 ../../ArduinoCore\libcore.a(wiring_digital.c.o)
                                0x1b9 (size before relaxing)
 .debug_str     0x00002475      0x23c ../../ArduinoCore\libcore.a(HardwareSerial.cpp.o)
                                0xd63 (size before relaxing)
 .debug_str     0x000026b1       0x3e ../../ArduinoCore\libcore.a(main.cpp.o)
                                 0xe1 (size before relaxing)
 .debug_str     0x000026ef       0xb7 ../../ArduinoCore\libcore.a(new.cpp.o)
                                 0xf5 (size before relaxing)
 .debug_str     0x000027a6      0x38a ../../ArduinoCore\libcore.a(Print.cpp.o)
                                0xbeb (size before relaxing)
 .debug_str     0x00002b30      0x198 ../../ArduinoCore\libcore.a(WString.cpp.o)
                                0x987 (size before relaxing)
 .debug_str     0x00002cc8      0x10f c:/program files (x86)/atmel/atmel studio 6.0/extensions/atmel/avrgcc/3.4.0.65/avrtoolchain/bin/../lib/gcc/avr/4.6.2/avr5\libgcc.a(_lshrdi3.o)
                                0x188 (size before relaxing)
 .debug_str     0x00002dd7        0xa c:/program files (x86)/atmel/atmel studio 6.0/extensions/atmel/avrgcc/3.4.0.65/avrtoolchain/bin/../lib/gcc/avr/4.6.2/avr5\libgcc.a(_ashldi3.o)
                                0x188 (size before relaxing)
 .debug_str     0x00002de1       0xb5 c:/program files (x86)/atmel/atmel studio 6.0/extensions/atmel/avrgcc/3.4.0.65/avrtoolchain/bin/../lib/gcc/avr/4.6.2/../../../../avr/lib/avr5\libc.a(malloc.o)
                                0x16a (size before relaxing)
 .debug_str     0x00002e96       0x6a c:/program files (x86)/atmel/atmel studio 6.0/extensions/atmel/avrgcc/3.4.0.65/avrtoolchain/bin/../lib/gcc/avr/4.6.2/../../../../avr/lib/avr5\libc.a(realloc.o)
                                0x12e (size before relaxing)

.debug_loc      0x00000000     0x91dc
 *(.debug_loc)
 .debug_loc     0x00000000     0x228c IRremote.o
 .debug_loc     0x0000228c      0x7a1 IRSystem.o
 .debug_loc     0x00002a2d      0x31e LEDTimer.o
 .debug_loc     0x00002d4b       0xc2 MemoryFree.o
 .debug_loc     0x00002e0d      0xb4b SoftwareSerial.o
 .debug_loc     0x00003958      0x3d0 StringW.o
 .debug_loc     0x00003d28      0x5d7 TimerOne.o
 .debug_loc     0x000042ff     0x1162 WiFlyRNXV.o
 .debug_loc     0x00005461       0xa8 WiRed.o
 .debug_loc     0x00005509       0x29 ../../ArduinoCore\libcore.a(WInterrupts.c.o)
 .debug_loc     0x00005532      0x16d ../../ArduinoCore\libcore.a(wiring.c.o)
 .debug_loc     0x0000569f      0x15e ../../ArduinoCore\libcore.a(wiring_digital.c.o)
 .debug_loc     0x000057fd      0x37c ../../ArduinoCore\libcore.a(HardwareSerial.cpp.o)
 .debug_loc     0x00005b79       0x80 ../../ArduinoCore\libcore.a(new.cpp.o)
 .debug_loc     0x00005bf9      0xd88 ../../ArduinoCore\libcore.a(Print.cpp.o)
 .debug_loc     0x00006981     0x1f05 ../../ArduinoCore\libcore.a(WString.cpp.o)
 .debug_loc     0x00008886      0x102 c:/program files (x86)/atmel/atmel studio 6.0/extensions/atmel/avrgcc/3.4.0.65/avrtoolchain/bin/../lib/gcc/avr/4.6.2/avr5\libgcc.a(_lshrdi3.o)
 .debug_loc     0x00008988      0x102 c:/program files (x86)/atmel/atmel studio 6.0/extensions/atmel/avrgcc/3.4.0.65/avrtoolchain/bin/../lib/gcc/avr/4.6.2/avr5\libgcc.a(_ashldi3.o)
 .debug_loc     0x00008a8a      0x421 c:/program files (x86)/atmel/atmel studio 6.0/extensions/atmel/avrgcc/3.4.0.65/avrtoolchain/bin/../lib/gcc/avr/4.6.2/../../../../avr/lib/avr5\libc.a(malloc.o)
 .debug_loc     0x00008eab      0x331 c:/program files (x86)/atmel/atmel studio 6.0/extensions/atmel/avrgcc/3.4.0.65/avrtoolchain/bin/../lib/gcc/avr/4.6.2/../../../../avr/lib/avr5\libc.a(realloc.o)

.debug_macinfo
 *(.debug_macinfo)
OUTPUT(WiRed.elf elf32-avr)
LOAD linker stubs

.debug_ranges   0x00000000      0x9e8
 .debug_ranges  0x00000000      0x228 IRremote.o
 .debug_ranges  0x00000228       0x48 IRSystem.o
 .debug_ranges  0x00000270       0x48 LEDTimer.o
 .debug_ranges  0x000002b8       0x18 MemoryFree.o
 .debug_ranges  0x000002d0       0xa8 SoftwareSerial.o
 .debug_ranges  0x00000378       0x28 StringW.o
 .debug_ranges  0x000003a0       0x70 TimerOne.o
 .debug_ranges  0x00000410       0xa0 WiFlyRNXV.o
 .debug_ranges  0x000004b0       0x40 WiRed.o
 .debug_ranges  0x000004f0       0x30 ../../ArduinoCore\libcore.a(WInterrupts.c.o)
 .debug_ranges  0x00000520       0x40 ../../ArduinoCore\libcore.a(wiring.c.o)
 .debug_ranges  0x00000560       0x28 ../../ArduinoCore\libcore.a(wiring_digital.c.o)
 .debug_ranges  0x00000588       0x88 ../../ArduinoCore\libcore.a(HardwareSerial.cpp.o)
 .debug_ranges  0x00000610       0x18 ../../ArduinoCore\libcore.a(main.cpp.o)
 .debug_ranges  0x00000628       0x40 ../../ArduinoCore\libcore.a(new.cpp.o)
 .debug_ranges  0x00000668       0xe8 ../../ArduinoCore\libcore.a(Print.cpp.o)
 .debug_ranges  0x00000750      0x270 ../../ArduinoCore\libcore.a(WString.cpp.o)
 .debug_ranges  0x000009c0       0x18 c:/program files (x86)/atmel/atmel studio 6.0/extensions/atmel/avrgcc/3.4.0.65/avrtoolchain/bin/../lib/gcc/avr/4.6.2/../../../../avr/lib/avr5\libc.a(malloc.o)
 .debug_ranges  0x000009d8       0x10 c:/program files (x86)/atmel/atmel studio 6.0/extensions/atmel/avrgcc/3.4.0.65/avrtoolchain/bin/../lib/gcc/avr/4.6.2/../../../../avr/lib/avr5\libc.a(realloc.o)
